Archive member included to satisfy reference by file (symbol)

d:/2. app/arm-toolchain/gnu/10 2021.10/bin/../lib/gcc/arm-none-eabi/10.3.1/../../../../arm-none-eabi/lib/thumb/v7-m/nofp\libc.a(lib_a-exit.o)
                              d:/2. app/arm-toolchain/gnu/10 2021.10/bin/../lib/gcc/arm-none-eabi/10.3.1/../../../../arm-none-eabi/lib/thumb/v7-m/nofp/crt0.o (exit)
d:/2. app/arm-toolchain/gnu/10 2021.10/bin/../lib/gcc/arm-none-eabi/10.3.1/../../../../arm-none-eabi/lib/thumb/v7-m/nofp\libc.a(lib_a-impure.o)
                              d:/2. app/arm-toolchain/gnu/10 2021.10/bin/../lib/gcc/arm-none-eabi/10.3.1/../../../../arm-none-eabi/lib/thumb/v7-m/nofp\libc.a(lib_a-exit.o) (_global_impure_ptr)
d:/2. app/arm-toolchain/gnu/10 2021.10/bin/../lib/gcc/arm-none-eabi/10.3.1/../../../../arm-none-eabi/lib/thumb/v7-m/nofp\libc.a(lib_a-init.o)
                              d:/2. app/arm-toolchain/gnu/10 2021.10/bin/../lib/gcc/arm-none-eabi/10.3.1/../../../../arm-none-eabi/lib/thumb/v7-m/nofp/crt0.o (__libc_init_array)
d:/2. app/arm-toolchain/gnu/10 2021.10/bin/../lib/gcc/arm-none-eabi/10.3.1/../../../../arm-none-eabi/lib/thumb/v7-m/nofp\libc.a(lib_a-memset.o)
                              d:/2. app/arm-toolchain/gnu/10 2021.10/bin/../lib/gcc/arm-none-eabi/10.3.1/../../../../arm-none-eabi/lib/thumb/v7-m/nofp/crt0.o (memset)
d:/2. app/arm-toolchain/gnu/10 2021.10/bin/../lib/gcc/arm-none-eabi/10.3.1/../../../../arm-none-eabi/lib/thumb/v7-m/nofp\libc.a(lib_a-__call_atexit.o)
                              d:/2. app/arm-toolchain/gnu/10 2021.10/bin/../lib/gcc/arm-none-eabi/10.3.1/../../../../arm-none-eabi/lib/thumb/v7-m/nofp\libc.a(lib_a-exit.o) (__call_exitprocs)
d:/2. app/arm-toolchain/gnu/10 2021.10/bin/../lib/gcc/arm-none-eabi/10.3.1/../../../../arm-none-eabi/lib/thumb/v7-m/nofp\libc.a(lib_a-atexit.o)
                              d:/2. app/arm-toolchain/gnu/10 2021.10/bin/../lib/gcc/arm-none-eabi/10.3.1/../../../../arm-none-eabi/lib/thumb/v7-m/nofp\libc.a(lib_a-__call_atexit.o) (atexit)
d:/2. app/arm-toolchain/gnu/10 2021.10/bin/../lib/gcc/arm-none-eabi/10.3.1/../../../../arm-none-eabi/lib/thumb/v7-m/nofp\libc.a(lib_a-fini.o)
                              d:/2. app/arm-toolchain/gnu/10 2021.10/bin/../lib/gcc/arm-none-eabi/10.3.1/../../../../arm-none-eabi/lib/thumb/v7-m/nofp\libc.a(lib_a-__call_atexit.o) (__libc_fini_array)
d:/2. app/arm-toolchain/gnu/10 2021.10/bin/../lib/gcc/arm-none-eabi/10.3.1/../../../../arm-none-eabi/lib/thumb/v7-m/nofp\libc.a(lib_a-lock.o)
                              d:/2. app/arm-toolchain/gnu/10 2021.10/bin/../lib/gcc/arm-none-eabi/10.3.1/../../../../arm-none-eabi/lib/thumb/v7-m/nofp\libc.a(lib_a-__call_atexit.o) (__retarget_lock_acquire_recursive)
d:/2. app/arm-toolchain/gnu/10 2021.10/bin/../lib/gcc/arm-none-eabi/10.3.1/../../../../arm-none-eabi/lib/thumb/v7-m/nofp\libc.a(lib_a-__atexit.o)
                              d:/2. app/arm-toolchain/gnu/10 2021.10/bin/../lib/gcc/arm-none-eabi/10.3.1/../../../../arm-none-eabi/lib/thumb/v7-m/nofp\libc.a(lib_a-atexit.o) (__register_exitproc)
d:/2. app/arm-toolchain/gnu/10 2021.10/bin/../lib/gcc/arm-none-eabi/10.3.1/../../../../arm-none-eabi/lib/thumb/v7-m/nofp\libnosys.a(_exit.o)
                              d:/2. app/arm-toolchain/gnu/10 2021.10/bin/../lib/gcc/arm-none-eabi/10.3.1/../../../../arm-none-eabi/lib/thumb/v7-m/nofp\libc.a(lib_a-exit.o) (_exit)

Discarded input sections

 .text          0x00000000        0x0 d:/2. app/arm-toolchain/gnu/10 2021.10/bin/../lib/gcc/arm-none-eabi/10.3.1/thumb/v7-m/nofp/crti.o
 .data          0x00000000        0x0 d:/2. app/arm-toolchain/gnu/10 2021.10/bin/../lib/gcc/arm-none-eabi/10.3.1/thumb/v7-m/nofp/crti.o
 .bss           0x00000000        0x0 d:/2. app/arm-toolchain/gnu/10 2021.10/bin/../lib/gcc/arm-none-eabi/10.3.1/thumb/v7-m/nofp/crti.o
 .text          0x00000000       0x40 d:/2. app/arm-toolchain/gnu/10 2021.10/bin/../lib/gcc/arm-none-eabi/10.3.1/thumb/v7-m/nofp/crtbegin.o
 .data          0x00000000        0x4 d:/2. app/arm-toolchain/gnu/10 2021.10/bin/../lib/gcc/arm-none-eabi/10.3.1/thumb/v7-m/nofp/crtbegin.o
 .bss           0x00000000       0x1c d:/2. app/arm-toolchain/gnu/10 2021.10/bin/../lib/gcc/arm-none-eabi/10.3.1/thumb/v7-m/nofp/crtbegin.o
 .rodata        0x00000000       0x24 d:/2. app/arm-toolchain/gnu/10 2021.10/bin/../lib/gcc/arm-none-eabi/10.3.1/thumb/v7-m/nofp/crtbegin.o
 .init_array    0x00000000        0x4 d:/2. app/arm-toolchain/gnu/10 2021.10/bin/../lib/gcc/arm-none-eabi/10.3.1/thumb/v7-m/nofp/crtbegin.o
 .fini_array    0x00000000        0x4 d:/2. app/arm-toolchain/gnu/10 2021.10/bin/../lib/gcc/arm-none-eabi/10.3.1/thumb/v7-m/nofp/crtbegin.o
 .eh_frame      0x00000000        0x0 d:/2. app/arm-toolchain/gnu/10 2021.10/bin/../lib/gcc/arm-none-eabi/10.3.1/thumb/v7-m/nofp/crtbegin.o
 .ARM.attributes
                0x00000000       0x2d d:/2. app/arm-toolchain/gnu/10 2021.10/bin/../lib/gcc/arm-none-eabi/10.3.1/thumb/v7-m/nofp/crtbegin.o
 .text          0x00000000       0x7c d:/2. app/arm-toolchain/gnu/10 2021.10/bin/../lib/gcc/arm-none-eabi/10.3.1/../../../../arm-none-eabi/lib/thumb/v7-m/nofp/crt0.o
 .data          0x00000000        0x0 d:/2. app/arm-toolchain/gnu/10 2021.10/bin/../lib/gcc/arm-none-eabi/10.3.1/../../../../arm-none-eabi/lib/thumb/v7-m/nofp/crt0.o
 .bss           0x00000000        0x0 d:/2. app/arm-toolchain/gnu/10 2021.10/bin/../lib/gcc/arm-none-eabi/10.3.1/../../../../arm-none-eabi/lib/thumb/v7-m/nofp/crt0.o
 .ARM.extab     0x00000000        0x0 d:/2. app/arm-toolchain/gnu/10 2021.10/bin/../lib/gcc/arm-none-eabi/10.3.1/../../../../arm-none-eabi/lib/thumb/v7-m/nofp/crt0.o
 .ARM.exidx     0x00000000       0x10 d:/2. app/arm-toolchain/gnu/10 2021.10/bin/../lib/gcc/arm-none-eabi/10.3.1/../../../../arm-none-eabi/lib/thumb/v7-m/nofp/crt0.o
 .ARM.attributes
                0x00000000       0x1b d:/2. app/arm-toolchain/gnu/10 2021.10/bin/../lib/gcc/arm-none-eabi/10.3.1/../../../../arm-none-eabi/lib/thumb/v7-m/nofp/crt0.o
 .text          0x00000000        0x0 build/main.o
 .data          0x00000000        0x0 build/main.o
 .bss           0x00000000        0x0 build/main.o
 .text          0x00000000        0x0 build/stm32f10x_it.o
 .data          0x00000000        0x0 build/stm32f10x_it.o
 .bss           0x00000000        0x0 build/stm32f10x_it.o
 .text          0x00000000        0x0 build/system_stm32f10x.o
 .data          0x00000000        0x0 build/system_stm32f10x.o
 .bss           0x00000000        0x0 build/system_stm32f10x.o
 .data.SystemCoreClock
                0x00000000        0x4 build/system_stm32f10x.o
 .data.AHBPrescTable
                0x00000000       0x10 build/system_stm32f10x.o
 .text.SystemCoreClockUpdate
                0x00000000       0xe4 build/system_stm32f10x.o
 .text          0x00000000        0x0 build/misc.o
 .data          0x00000000        0x0 build/misc.o
 .bss           0x00000000        0x0 build/misc.o
 .text.NVIC_PriorityGroupConfig
                0x00000000       0x24 build/misc.o
 .text.NVIC_Init
                0x00000000       0xc4 build/misc.o
 .text.NVIC_SetVectorTable
                0x00000000       0x2c build/misc.o
 .text.NVIC_SystemLPConfig
                0x00000000       0x40 build/misc.o
 .text.SysTick_CLKSourceConfig
                0x00000000       0x38 build/misc.o
 .comment       0x00000000       0x4a build/misc.o
 .ARM.attributes
                0x00000000       0x2d build/misc.o
 .text          0x00000000        0x0 build/stm32f10x_adc.o
 .data          0x00000000        0x0 build/stm32f10x_adc.o
 .bss           0x00000000        0x0 build/stm32f10x_adc.o
 .text.ADC_DeInit
                0x00000000       0x74 build/stm32f10x_adc.o
 .text.ADC_Init
                0x00000000       0xa4 build/stm32f10x_adc.o
 .text.ADC_StructInit
                0x00000000       0x36 build/stm32f10x_adc.o
 .text.ADC_Cmd  0x00000000       0x36 build/stm32f10x_adc.o
 .text.ADC_DMACmd
                0x00000000       0x36 build/stm32f10x_adc.o
 .text.ADC_ITConfig
                0x00000000       0x44 build/stm32f10x_adc.o
 .text.ADC_ResetCalibration
                0x00000000       0x1e build/stm32f10x_adc.o
 .text.ADC_GetResetCalibrationStatus
                0x00000000       0x2e build/stm32f10x_adc.o
 .text.ADC_StartCalibration
                0x00000000       0x1e build/stm32f10x_adc.o
 .text.ADC_GetCalibrationStatus
                0x00000000       0x2e build/stm32f10x_adc.o
 .text.ADC_SoftwareStartConvCmd
                0x00000000       0x36 build/stm32f10x_adc.o
 .text.ADC_GetSoftwareStartConvStatus
                0x00000000       0x2e build/stm32f10x_adc.o
 .text.ADC_DiscModeChannelCountConfig
                0x00000000       0x42 build/stm32f10x_adc.o
 .text.ADC_DiscModeCmd
                0x00000000       0x36 build/stm32f10x_adc.o
 .text.ADC_RegularChannelConfig
                0x00000000      0x192 build/stm32f10x_adc.o
 .text.ADC_ExternalTrigConvCmd
                0x00000000       0x36 build/stm32f10x_adc.o
 .text.ADC_GetConversionValue
                0x00000000       0x18 build/stm32f10x_adc.o
 .text.ADC_GetDualModeConversionValue
                0x00000000       0x14 build/stm32f10x_adc.o
 .text.ADC_AutoInjectedConvCmd
                0x00000000       0x36 build/stm32f10x_adc.o
 .text.ADC_InjectedDiscModeCmd
                0x00000000       0x36 build/stm32f10x_adc.o
 .text.ADC_ExternalTrigInjectedConvConfig
                0x00000000       0x34 build/stm32f10x_adc.o
 .text.ADC_ExternalTrigInjectedConvCmd
                0x00000000       0x36 build/stm32f10x_adc.o
 .text.ADC_SoftwareStartInjectedConvCmd
                0x00000000       0x36 build/stm32f10x_adc.o
 .text.ADC_GetSoftwareStartInjectedConvCmdStatus
                0x00000000       0x2e build/stm32f10x_adc.o
 .text.ADC_InjectedChannelConfig
                0x00000000      0x120 build/stm32f10x_adc.o
 .text.ADC_InjectedSequencerLengthConfig
                0x00000000       0x42 build/stm32f10x_adc.o
 .text.ADC_SetInjectedOffset
                0x00000000       0x32 build/stm32f10x_adc.o
 .text.ADC_GetInjectedConversionValue
                0x00000000       0x2e build/stm32f10x_adc.o
 .text.ADC_AnalogWatchdogCmd
                0x00000000       0x38 build/stm32f10x_adc.o
 .text.ADC_AnalogWatchdogThresholdsConfig
                0x00000000       0x26 build/stm32f10x_adc.o
 .text.ADC_AnalogWatchdogSingleChannelConfig
                0x00000000       0x36 build/stm32f10x_adc.o
 .text.ADC_TempSensorVrefintCmd
                0x00000000       0x38 build/stm32f10x_adc.o
 .text.ADC_GetFlagStatus
                0x00000000       0x32 build/stm32f10x_adc.o
 .text.ADC_ClearFlag
                0x00000000       0x1e build/stm32f10x_adc.o
 .text.ADC_GetITStatus
                0x00000000       0x54 build/stm32f10x_adc.o
 .text.ADC_ClearITPendingBit
                0x00000000       0x2a build/stm32f10x_adc.o
 .comment       0x00000000       0x4a build/stm32f10x_adc.o
 .ARM.attributes
                0x00000000       0x2d build/stm32f10x_adc.o
 .text          0x00000000        0x0 build/stm32f10x_bkp.o
 .data          0x00000000        0x0 build/stm32f10x_bkp.o
 .bss           0x00000000        0x0 build/stm32f10x_bkp.o
 .text.BKP_DeInit
                0x00000000       0x14 build/stm32f10x_bkp.o
 .text.BKP_TamperPinLevelConfig
                0x00000000       0x20 build/stm32f10x_bkp.o
 .text.BKP_TamperPinCmd
                0x00000000       0x20 build/stm32f10x_bkp.o
 .text.BKP_ITConfig
                0x00000000       0x20 build/stm32f10x_bkp.o
 .text.BKP_RTCOutputConfig
                0x00000000       0x38 build/stm32f10x_bkp.o
 .text.BKP_SetRTCCalibrationValue
                0x00000000       0x3c build/stm32f10x_bkp.o
 .text.BKP_WriteBackupRegister
                0x00000000       0x38 build/stm32f10x_bkp.o
 .text.BKP_ReadBackupRegister
                0x00000000       0x30 build/stm32f10x_bkp.o
 .text.BKP_GetFlagStatus
                0x00000000       0x18 build/stm32f10x_bkp.o
 .text.BKP_ClearFlag
                0x00000000       0x20 build/stm32f10x_bkp.o
 .text.BKP_GetITStatus
                0x00000000       0x18 build/stm32f10x_bkp.o
 .text.BKP_ClearITPendingBit
                0x00000000       0x20 build/stm32f10x_bkp.o
 .comment       0x00000000       0x4a build/stm32f10x_bkp.o
 .ARM.attributes
                0x00000000       0x2d build/stm32f10x_bkp.o
 .text          0x00000000        0x0 build/stm32f10x_can.o
 .data          0x00000000        0x0 build/stm32f10x_can.o
 .bss           0x00000000        0x0 build/stm32f10x_can.o
 .text.CAN_DeInit
                0x00000000       0x48 build/stm32f10x_can.o
 .text.CAN_Init
                0x00000000      0x1a0 build/stm32f10x_can.o
 .text.CAN_FilterInit
                0x00000000      0x184 build/stm32f10x_can.o
 .text.CAN_StructInit
                0x00000000       0x54 build/stm32f10x_can.o
 .text.CAN_SlaveStartBank
                0x00000000       0x60 build/stm32f10x_can.o
 .text.CAN_DBGFreeze
                0x00000000       0x36 build/stm32f10x_can.o
 .text.CAN_TTComModeCmd
                0x00000000       0x96 build/stm32f10x_can.o
 .text.CAN_Transmit
                0x00000000      0x1a0 build/stm32f10x_can.o
 .text.CAN_TransmitStatus
                0x00000000      0x104 build/stm32f10x_can.o
 .text.CAN_CancelTransmit
                0x00000000       0x56 build/stm32f10x_can.o
 .text.CAN_Receive
                0x00000000      0x17a build/stm32f10x_can.o
 .text.CAN_FIFORelease
                0x00000000       0x36 build/stm32f10x_can.o
 .text.CAN_MessagePending
                0x00000000       0x48 build/stm32f10x_can.o
 .text.CAN_OperatingModeRequest
                0x00000000       0xfa build/stm32f10x_can.o
 .text.CAN_Sleep
                0x00000000       0x38 build/stm32f10x_can.o
 .text.CAN_WakeUp
                0x00000000       0x54 build/stm32f10x_can.o
 .text.CAN_GetLastErrorCode
                0x00000000       0x24 build/stm32f10x_can.o
 .text.CAN_GetReceiveErrorCounter
                0x00000000       0x20 build/stm32f10x_can.o
 .text.CAN_GetLSBTransmitErrorCounter
                0x00000000       0x20 build/stm32f10x_can.o
 .text.CAN_ITConfig
                0x00000000       0x3a build/stm32f10x_can.o
 .text.CAN_GetFlagStatus
                0x00000000       0xcc build/stm32f10x_can.o
 .text.CAN_ClearFlag
                0x00000000       0x70 build/stm32f10x_can.o
 .text.CAN_GetITStatus
                0x00000000      0x264 build/stm32f10x_can.o
 .text.CAN_ClearITPendingBit
                0x00000000      0x1b4 build/stm32f10x_can.o
 .text.CheckITStatus
                0x00000000       0x2e build/stm32f10x_can.o
 .comment       0x00000000       0x4a build/stm32f10x_can.o
 .ARM.attributes
                0x00000000       0x2d build/stm32f10x_can.o
 .text          0x00000000        0x0 build/stm32f10x_cec.o
 .data          0x00000000        0x0 build/stm32f10x_cec.o
 .bss           0x00000000        0x0 build/stm32f10x_cec.o
 .text.CEC_DeInit
                0x00000000       0x1c build/stm32f10x_cec.o
 .text.CEC_Init
                0x00000000       0x40 build/stm32f10x_cec.o
 .text.CEC_Cmd  0x00000000       0x38 build/stm32f10x_cec.o
 .text.CEC_ITConfig
                0x00000000       0x20 build/stm32f10x_cec.o
 .text.CEC_OwnAddressConfig
                0x00000000       0x20 build/stm32f10x_cec.o
 .text.CEC_SetPrescaler
                0x00000000       0x20 build/stm32f10x_cec.o
 .text.CEC_SendDataByte
                0x00000000       0x20 build/stm32f10x_cec.o
 .text.CEC_ReceiveDataByte
                0x00000000       0x18 build/stm32f10x_cec.o
 .text.CEC_StartOfMessage
                0x00000000       0x18 build/stm32f10x_cec.o
 .text.CEC_EndOfMessageCmd
                0x00000000       0x20 build/stm32f10x_cec.o
 .text.CEC_GetFlagStatus
                0x00000000       0x68 build/stm32f10x_cec.o
 .text.CEC_ClearFlag
                0x00000000       0x3c build/stm32f10x_cec.o
 .text.CEC_GetITStatus
                0x00000000       0x48 build/stm32f10x_cec.o
 .text.CEC_ClearITPendingBit
                0x00000000       0x3c build/stm32f10x_cec.o
 .comment       0x00000000       0x4a build/stm32f10x_cec.o
 .ARM.attributes
                0x00000000       0x2d build/stm32f10x_cec.o
 .text          0x00000000        0x0 build/stm32f10x_crc.o
 .data          0x00000000        0x0 build/stm32f10x_crc.o
 .bss           0x00000000        0x0 build/stm32f10x_crc.o
 .text.CRC_ResetDR
                0x00000000       0x18 build/stm32f10x_crc.o
 .text.CRC_CalcCRC
                0x00000000       0x20 build/stm32f10x_crc.o
 .text.CRC_CalcBlockCRC
                0x00000000       0x44 build/stm32f10x_crc.o
 .text.CRC_GetCRC
                0x00000000       0x14 build/stm32f10x_crc.o
 .text.CRC_SetIDRegister
                0x00000000       0x20 build/stm32f10x_crc.o
 .text.CRC_GetIDRegister
                0x00000000       0x18 build/stm32f10x_crc.o
 .comment       0x00000000       0x4a build/stm32f10x_crc.o
 .ARM.attributes
                0x00000000       0x2d build/stm32f10x_crc.o
 .text          0x00000000        0x0 build/stm32f10x_dac.o
 .data          0x00000000        0x0 build/stm32f10x_dac.o
 .bss           0x00000000        0x0 build/stm32f10x_dac.o
 .text.DAC_DeInit
                0x00000000       0x1c build/stm32f10x_dac.o
 .text.DAC_Init
                0x00000000       0x64 build/stm32f10x_dac.o
 .text.DAC_StructInit
                0x00000000       0x2a build/stm32f10x_dac.o
 .text.DAC_Cmd  0x00000000       0x48 build/stm32f10x_dac.o
 .text.DAC_DMACmd
                0x00000000       0x4c build/stm32f10x_dac.o
 .text.DAC_SoftwareTriggerCmd
                0x00000000       0x4c build/stm32f10x_dac.o
 .text.DAC_DualSoftwareTriggerCmd
                0x00000000       0x38 build/stm32f10x_dac.o
 .text.DAC_WaveGenerationCmd
                0x00000000       0x4c build/stm32f10x_dac.o
 .text.DAC_SetChannel1Data
                0x00000000       0x34 build/stm32f10x_dac.o
 .text.DAC_SetChannel2Data
                0x00000000       0x34 build/stm32f10x_dac.o
 .text.DAC_SetDualChannelData
                0x00000000       0x58 build/stm32f10x_dac.o
 .text.DAC_GetDataOutputValue
                0x00000000       0x30 build/stm32f10x_dac.o
 .comment       0x00000000       0x4a build/stm32f10x_dac.o
 .ARM.attributes
                0x00000000       0x2d build/stm32f10x_dac.o
 .text          0x00000000        0x0 build/stm32f10x_dbgmcu.o
 .data          0x00000000        0x0 build/stm32f10x_dbgmcu.o
 .bss           0x00000000        0x0 build/stm32f10x_dbgmcu.o
 .text.DBGMCU_GetREVID
                0x00000000       0x18 build/stm32f10x_dbgmcu.o
 .text.DBGMCU_GetDEVID
                0x00000000       0x18 build/stm32f10x_dbgmcu.o
 .text.DBGMCU_Config
                0x00000000       0x3c build/stm32f10x_dbgmcu.o
 .comment       0x00000000       0x4a build/stm32f10x_dbgmcu.o
 .ARM.attributes
                0x00000000       0x2d build/stm32f10x_dbgmcu.o
 .text          0x00000000        0x0 build/stm32f10x_dma.o
 .data          0x00000000        0x0 build/stm32f10x_dma.o
 .bss           0x00000000        0x0 build/stm32f10x_dma.o
 .text.DMA_DeInit
                0x00000000      0x178 build/stm32f10x_dma.o
 .text.DMA_Init
                0x00000000       0x7c build/stm32f10x_dma.o
 .text.DMA_StructInit
                0x00000000       0x54 build/stm32f10x_dma.o
 .text.DMA_Cmd  0x00000000       0x38 build/stm32f10x_dma.o
 .text.DMA_ITConfig
                0x00000000       0x3a build/stm32f10x_dma.o
 .text.DMA_SetCurrDataCounter
                0x00000000       0x1c build/stm32f10x_dma.o
 .text.DMA_GetCurrDataCounter
                0x00000000       0x18 build/stm32f10x_dma.o
 .text.DMA_GetFlagStatus
                0x00000000       0x50 build/stm32f10x_dma.o
 .text.DMA_ClearFlag
                0x00000000       0x34 build/stm32f10x_dma.o
 .text.DMA_GetITStatus
                0x00000000       0x50 build/stm32f10x_dma.o
 .text.DMA_ClearITPendingBit
                0x00000000       0x34 build/stm32f10x_dma.o
 .comment       0x00000000       0x4a build/stm32f10x_dma.o
 .ARM.attributes
                0x00000000       0x2d build/stm32f10x_dma.o
 .text          0x00000000        0x0 build/stm32f10x_exti.o
 .data          0x00000000        0x0 build/stm32f10x_exti.o
 .bss           0x00000000        0x0 build/stm32f10x_exti.o
 .text.EXTI_DeInit
                0x00000000       0x34 build/stm32f10x_exti.o
 .text.EXTI_Init
                0x00000000       0xe4 build/stm32f10x_exti.o
 .text.EXTI_StructInit
                0x00000000       0x2a build/stm32f10x_exti.o
 .text.EXTI_GenerateSWInterrupt
                0x00000000       0x24 build/stm32f10x_exti.o
 .text.EXTI_GetFlagStatus
                0x00000000       0x34 build/stm32f10x_exti.o
 .text.EXTI_ClearFlag
                0x00000000       0x1c build/stm32f10x_exti.o
 .text.EXTI_GetITStatus
                0x00000000       0x48 build/stm32f10x_exti.o
 .text.EXTI_ClearITPendingBit
                0x00000000       0x1c build/stm32f10x_exti.o
 .comment       0x00000000       0x4a build/stm32f10x_exti.o
 .ARM.attributes
                0x00000000       0x2d build/stm32f10x_exti.o
 .text          0x00000000        0x0 build/stm32f10x_flash.o
 .data          0x00000000        0x0 build/stm32f10x_flash.o
 .bss           0x00000000        0x0 build/stm32f10x_flash.o
 .text.FLASH_SetLatency
                0x00000000       0x38 build/stm32f10x_flash.o
 .text.FLASH_HalfCycleAccessCmd
                0x00000000       0x30 build/stm32f10x_flash.o
 .text.FLASH_PrefetchBufferCmd
                0x00000000       0x30 build/stm32f10x_flash.o
 .text.FLASH_Unlock
                0x00000000       0x24 build/stm32f10x_flash.o
 .text.FLASH_UnlockBank1
                0x00000000       0x24 build/stm32f10x_flash.o
 .text.FLASH_Lock
                0x00000000       0x1c build/stm32f10x_flash.o
 .text.FLASH_LockBank1
                0x00000000       0x1c build/stm32f10x_flash.o
 .text.FLASH_ErasePage
                0x00000000       0x64 build/stm32f10x_flash.o
 .text.FLASH_EraseAllPages
                0x00000000       0x5c build/stm32f10x_flash.o
 .text.FLASH_EraseAllBank1Pages
                0x00000000       0x5c build/stm32f10x_flash.o
 .text.FLASH_EraseOptionBytes
                0x00000000       0xd4 build/stm32f10x_flash.o
 .text.FLASH_ProgramWord
                0x00000000       0x94 build/stm32f10x_flash.o
 .text.FLASH_ProgramHalfWord
                0x00000000       0x5c build/stm32f10x_flash.o
 .text.FLASH_ProgramOptionByteData
                0x00000000       0x78 build/stm32f10x_flash.o
 .text.FLASH_EnableWriteProtection
                0x00000000      0x118 build/stm32f10x_flash.o
 .text.FLASH_ReadOutProtection
                0x00000000       0xd4 build/stm32f10x_flash.o
 .text.FLASH_UserOptionByteConfig
                0x00000000       0x94 build/stm32f10x_flash.o
 .text.FLASH_GetUserOptionByte
                0x00000000       0x18 build/stm32f10x_flash.o
 .text.FLASH_GetWriteProtectionOptionByte
                0x00000000       0x14 build/stm32f10x_flash.o
 .text.FLASH_GetReadOutProtectionStatus
                0x00000000       0x30 build/stm32f10x_flash.o
 .text.FLASH_GetPrefetchBufferStatus
                0x00000000       0x30 build/stm32f10x_flash.o
 .text.FLASH_ITConfig
                0x00000000       0x3c build/stm32f10x_flash.o
 .text.FLASH_GetFlagStatus
                0x00000000       0x50 build/stm32f10x_flash.o
 .text.FLASH_ClearFlag
                0x00000000       0x1c build/stm32f10x_flash.o
 .text.FLASH_GetStatus
                0x00000000       0x54 build/stm32f10x_flash.o
 .text.FLASH_GetBank1Status
                0x00000000       0x54 build/stm32f10x_flash.o
 .text.FLASH_WaitForLastOperation
                0x00000000       0x44 build/stm32f10x_flash.o
 .text.FLASH_WaitForLastBank1Operation
                0x00000000       0x44 build/stm32f10x_flash.o
 .comment       0x00000000       0x4a build/stm32f10x_flash.o
 .ARM.attributes
                0x00000000       0x2d build/stm32f10x_flash.o
 .text          0x00000000        0x0 build/stm32f10x_fsmc.o
 .data          0x00000000        0x0 build/stm32f10x_fsmc.o
 .bss           0x00000000        0x0 build/stm32f10x_fsmc.o
 .text.FSMC_NORSRAMDeInit
                0x00000000       0x58 build/stm32f10x_fsmc.o
 .text.FSMC_NANDDeInit
                0x00000000       0x5c build/stm32f10x_fsmc.o
 .text.FSMC_PCCARDDeInit
                0x00000000       0x34 build/stm32f10x_fsmc.o
 .text.FSMC_NORSRAMInit
                0x00000000      0x13c build/stm32f10x_fsmc.o
 .text.FSMC_NANDInit
                0x00000000       0xcc build/stm32f10x_fsmc.o
 .text.FSMC_PCCARDInit
                0x00000000       0xac build/stm32f10x_fsmc.o
 .text.FSMC_NORSRAMStructInit
                0x00000000       0xd4 build/stm32f10x_fsmc.o
 .text.FSMC_NANDStructInit
                0x00000000       0x7c build/stm32f10x_fsmc.o
 .text.FSMC_PCCARDStructInit
                0x00000000       0x84 build/stm32f10x_fsmc.o
 .text.FSMC_NORSRAMCmd
                0x00000000       0x54 build/stm32f10x_fsmc.o
 .text.FSMC_NANDCmd
                0x00000000       0x6c build/stm32f10x_fsmc.o
 .text.FSMC_PCCARDCmd
                0x00000000       0x3c build/stm32f10x_fsmc.o
 .text.FSMC_NANDECCCmd
                0x00000000       0x6c build/stm32f10x_fsmc.o
 .text.FSMC_GetECC
                0x00000000       0x34 build/stm32f10x_fsmc.o
 .text.FSMC_ITConfig
                0x00000000       0xa0 build/stm32f10x_fsmc.o
 .text.FSMC_GetFlagStatus
                0x00000000       0x64 build/stm32f10x_fsmc.o
 .text.FSMC_ClearFlag
                0x00000000       0x5c build/stm32f10x_fsmc.o
 .text.FSMC_GetITStatus
                0x00000000       0x80 build/stm32f10x_fsmc.o
 .text.FSMC_ClearITPendingBit
                0x00000000       0x64 build/stm32f10x_fsmc.o
 .comment       0x00000000       0x4a build/stm32f10x_fsmc.o
 .ARM.attributes
                0x00000000       0x2d build/stm32f10x_fsmc.o
 .text          0x00000000        0x0 build/stm32f10x_gpio.o
 .data          0x00000000        0x0 build/stm32f10x_gpio.o
 .bss           0x00000000        0x0 build/stm32f10x_gpio.o
 .text.GPIO_DeInit
                0x00000000       0xe4 build/stm32f10x_gpio.o
 .text.GPIO_AFIODeInit
                0x00000000       0x18 build/stm32f10x_gpio.o
 .text.GPIO_StructInit
                0x00000000       0x26 build/stm32f10x_gpio.o
 .text.GPIO_ReadInputDataBit
                0x00000000       0x32 build/stm32f10x_gpio.o
 .text.GPIO_ReadInputData
                0x00000000       0x18 build/stm32f10x_gpio.o
 .text.GPIO_ReadOutputDataBit
                0x00000000       0x32 build/stm32f10x_gpio.o
 .text.GPIO_ReadOutputData
                0x00000000       0x18 build/stm32f10x_gpio.o
 .text.GPIO_WriteBit
                0x00000000       0x2e build/stm32f10x_gpio.o
 .text.GPIO_Write
                0x00000000       0x1c build/stm32f10x_gpio.o
 .text.GPIO_PinLockConfig
                0x00000000       0x42 build/stm32f10x_gpio.o
 .text.GPIO_EventOutputConfig
                0x00000000       0x4c build/stm32f10x_gpio.o
 .text.GPIO_EventOutputCmd
                0x00000000       0x20 build/stm32f10x_gpio.o
 .text.GPIO_PinRemapConfig
                0x00000000       0xe0 build/stm32f10x_gpio.o
 .text.GPIO_EXTILineConfig
                0x00000000       0x80 build/stm32f10x_gpio.o
 .text.GPIO_ETH_MediaInterfaceConfig
                0x00000000       0x1c build/stm32f10x_gpio.o
 .text          0x00000000        0x0 build/stm32f10x_i2c.o
 .data          0x00000000        0x0 build/stm32f10x_i2c.o
 .bss           0x00000000        0x0 build/stm32f10x_i2c.o
 .text.I2C_DeInit
                0x00000000       0x48 build/stm32f10x_i2c.o
 .text.I2C_Init
                0x00000000      0x184 build/stm32f10x_i2c.o
 .text.I2C_StructInit
                0x00000000       0x3c build/stm32f10x_i2c.o
 .text.I2C_Cmd  0x00000000       0x3e build/stm32f10x_i2c.o
 .text.I2C_DMACmd
                0x00000000       0x3e build/stm32f10x_i2c.o
 .text.I2C_DMALastTransferCmd
                0x00000000       0x3e build/stm32f10x_i2c.o
 .text.I2C_GenerateSTART
                0x00000000       0x3e build/stm32f10x_i2c.o
 .text.I2C_GenerateSTOP
                0x00000000       0x3e build/stm32f10x_i2c.o
 .text.I2C_AcknowledgeConfig
                0x00000000       0x3e build/stm32f10x_i2c.o
 .text.I2C_OwnAddress2Config
                0x00000000       0x42 build/stm32f10x_i2c.o
 .text.I2C_DualAddressCmd
                0x00000000       0x3e build/stm32f10x_i2c.o
 .text.I2C_GeneralCallCmd
                0x00000000       0x3e build/stm32f10x_i2c.o
 .text.I2C_ITConfig
                0x00000000       0x46 build/stm32f10x_i2c.o
 .text.I2C_SendData
                0x00000000       0x1e build/stm32f10x_i2c.o
 .text.I2C_ReceiveData
                0x00000000       0x1a build/stm32f10x_i2c.o
 .text.I2C_Send7bitAddress
                0x00000000       0x3a build/stm32f10x_i2c.o
 .text.I2C_ReadRegister
                0x00000000       0x2c build/stm32f10x_i2c.o
 .text.I2C_SoftwareResetCmd
                0x00000000       0x42 build/stm32f10x_i2c.o
 .text.I2C_NACKPositionConfig
                0x00000000       0x40 build/stm32f10x_i2c.o
 .text.I2C_SMBusAlertConfig
                0x00000000       0x40 build/stm32f10x_i2c.o
 .text.I2C_TransmitPEC
                0x00000000       0x3e build/stm32f10x_i2c.o
 .text.I2C_PECPositionConfig
                0x00000000       0x40 build/stm32f10x_i2c.o
 .text.I2C_CalculatePEC
                0x00000000       0x3e build/stm32f10x_i2c.o
 .text.I2C_GetPEC
                0x00000000       0x1e build/stm32f10x_i2c.o
 .text.I2C_ARPCmd
                0x00000000       0x3e build/stm32f10x_i2c.o
 .text.I2C_StretchClockCmd
                0x00000000       0x3e build/stm32f10x_i2c.o
 .text.I2C_FastModeDutyCycleConfig
                0x00000000       0x40 build/stm32f10x_i2c.o
 .text.I2C_CheckEvent
                0x00000000       0x5e build/stm32f10x_i2c.o
 .text.I2C_GetLastEvent
                0x00000000       0x42 build/stm32f10x_i2c.o
 .text.I2C_GetFlagStatus
                0x00000000       0x64 build/stm32f10x_i2c.o
 .text.I2C_ClearFlag
                0x00000000       0x2c build/stm32f10x_i2c.o
 .text.I2C_GetITStatus
                0x00000000       0x58 build/stm32f10x_i2c.o
 .text.I2C_ClearITPendingBit
                0x00000000       0x2c build/stm32f10x_i2c.o
 .comment       0x00000000       0x4a build/stm32f10x_i2c.o
 .ARM.attributes
                0x00000000       0x2d build/stm32f10x_i2c.o
 .text          0x00000000        0x0 build/stm32f10x_iwdg.o
 .data          0x00000000        0x0 build/stm32f10x_iwdg.o
 .bss           0x00000000        0x0 build/stm32f10x_iwdg.o
 .text.IWDG_WriteAccessCmd
                0x00000000       0x20 build/stm32f10x_iwdg.o
 .text.IWDG_SetPrescaler
                0x00000000       0x20 build/stm32f10x_iwdg.o
 .text.IWDG_SetReload
                0x00000000       0x20 build/stm32f10x_iwdg.o
 .text.IWDG_ReloadCounter
                0x00000000       0x18 build/stm32f10x_iwdg.o
 .text.IWDG_Enable
                0x00000000       0x18 build/stm32f10x_iwdg.o
 .text.IWDG_GetFlagStatus
                0x00000000       0x34 build/stm32f10x_iwdg.o
 .comment       0x00000000       0x4a build/stm32f10x_iwdg.o
 .ARM.attributes
                0x00000000       0x2d build/stm32f10x_iwdg.o
 .text          0x00000000        0x0 build/stm32f10x_pwr.o
 .data          0x00000000        0x0 build/stm32f10x_pwr.o
 .bss           0x00000000        0x0 build/stm32f10x_pwr.o
 .text.__WFI    0x00000000        0xe build/stm32f10x_pwr.o
 .text.__WFE    0x00000000        0xe build/stm32f10x_pwr.o
 .text.PWR_DeInit
                0x00000000       0x1c build/stm32f10x_pwr.o
 .text.PWR_BackupAccessCmd
                0x00000000       0x20 build/stm32f10x_pwr.o
 .text.PWR_PVDCmd
                0x00000000       0x20 build/stm32f10x_pwr.o
 .text.PWR_PVDLevelConfig
                0x00000000       0x38 build/stm32f10x_pwr.o
 .text.PWR_WakeUpPinCmd
                0x00000000       0x20 build/stm32f10x_pwr.o
 .text.PWR_EnterSTOPMode
                0x00000000       0x64 build/stm32f10x_pwr.o
 .text.PWR_EnterSTANDBYMode
                0x00000000       0x38 build/stm32f10x_pwr.o
 .text.PWR_GetFlagStatus
                0x00000000       0x34 build/stm32f10x_pwr.o
 .text.PWR_ClearFlag
                0x00000000       0x24 build/stm32f10x_pwr.o
 .comment       0x00000000       0x4a build/stm32f10x_pwr.o
 .ARM.attributes
                0x00000000       0x2d build/stm32f10x_pwr.o
 .text          0x00000000        0x0 build/stm32f10x_rcc.o
 .data          0x00000000        0x0 build/stm32f10x_rcc.o
 .bss           0x00000000        0x0 build/stm32f10x_rcc.o
 .data.APBAHBPrescTable
                0x00000000       0x10 build/stm32f10x_rcc.o
 .data.ADCPrescTable
                0x00000000        0x4 build/stm32f10x_rcc.o
 .text.RCC_DeInit
                0x00000000       0x5c build/stm32f10x_rcc.o
 .text.RCC_HSEConfig
                0x00000000       0x5c build/stm32f10x_rcc.o
 .text.RCC_WaitForHSEStartUp
                0x00000000       0x50 build/stm32f10x_rcc.o
 .text.RCC_AdjustHSICalibrationValue
                0x00000000       0x3c build/stm32f10x_rcc.o
 .text.RCC_HSICmd
                0x00000000       0x20 build/stm32f10x_rcc.o
 .text.RCC_PLLConfig
                0x00000000       0x3c build/stm32f10x_rcc.o
 .text.RCC_PLLCmd
                0x00000000       0x20 build/stm32f10x_rcc.o
 .text.RCC_SYSCLKConfig
                0x00000000       0x38 build/stm32f10x_rcc.o
 .text.RCC_GetSYSCLKSource
                0x00000000       0x1c build/stm32f10x_rcc.o
 .text.RCC_HCLKConfig
                0x00000000       0x38 build/stm32f10x_rcc.o
 .text.RCC_PCLK1Config
                0x00000000       0x38 build/stm32f10x_rcc.o
 .text.RCC_PCLK2Config
                0x00000000       0x38 build/stm32f10x_rcc.o
 .text.RCC_ITConfig
                0x00000000       0x4c build/stm32f10x_rcc.o
 .text.RCC_USBCLKConfig
                0x00000000       0x1c build/stm32f10x_rcc.o
 .text.RCC_ADCCLKConfig
                0x00000000       0x38 build/stm32f10x_rcc.o
 .text.RCC_LSEConfig
                0x00000000       0x40 build/stm32f10x_rcc.o
 .text.RCC_LSICmd
                0x00000000       0x20 build/stm32f10x_rcc.o
 .text.RCC_RTCCLKConfig
                0x00000000       0x24 build/stm32f10x_rcc.o
 .text.RCC_RTCCLKCmd
                0x00000000       0x20 build/stm32f10x_rcc.o
 .text.RCC_GetClocksFreq
                0x00000000      0x16c build/stm32f10x_rcc.o
 .text.RCC_AHBPeriphClockCmd
                0x00000000       0x3c build/stm32f10x_rcc.o
 .text.RCC_APB1PeriphClockCmd
                0x00000000       0x3c build/stm32f10x_rcc.o
 .text.RCC_APB2PeriphResetCmd
                0x00000000       0x3c build/stm32f10x_rcc.o
 .text.RCC_APB1PeriphResetCmd
                0x00000000       0x3c build/stm32f10x_rcc.o
 .text.RCC_BackupResetCmd
                0x00000000       0x20 build/stm32f10x_rcc.o
 .text.RCC_ClockSecuritySystemCmd
                0x00000000       0x20 build/stm32f10x_rcc.o
 .text.RCC_MCOConfig
                0x00000000       0x20 build/stm32f10x_rcc.o
 .text.RCC_GetFlagStatus
                0x00000000       0x74 build/stm32f10x_rcc.o
 .text.RCC_ClearFlag
                0x00000000       0x1c build/stm32f10x_rcc.o
 .text.RCC_GetITStatus
                0x00000000       0x34 build/stm32f10x_rcc.o
 .text.RCC_ClearITPendingBit
                0x00000000       0x20 build/stm32f10x_rcc.o
 .text          0x00000000        0x0 build/stm32f10x_rtc.o
 .data          0x00000000        0x0 build/stm32f10x_rtc.o
 .bss           0x00000000        0x0 build/stm32f10x_rtc.o
 .text.RTC_ITConfig
                0x00000000       0x4c build/stm32f10x_rtc.o
 .text.RTC_EnterConfigMode
                0x00000000       0x20 build/stm32f10x_rtc.o
 .text.RTC_ExitConfigMode
                0x00000000       0x20 build/stm32f10x_rtc.o
 .text.RTC_GetCounter
                0x00000000       0x2c build/stm32f10x_rtc.o
 .text.RTC_SetCounter
                0x00000000       0x30 build/stm32f10x_rtc.o
 .text.RTC_SetPrescaler
                0x00000000       0x34 build/stm32f10x_rtc.o
 .text.RTC_SetAlarm
                0x00000000       0x30 build/stm32f10x_rtc.o
 .text.RTC_GetDivider
                0x00000000       0x38 build/stm32f10x_rtc.o
 .text.RTC_WaitForLastTask
                0x00000000       0x24 build/stm32f10x_rtc.o
 .text.RTC_WaitForSynchro
                0x00000000       0x34 build/stm32f10x_rtc.o
 .text.RTC_GetFlagStatus
                0x00000000       0x38 build/stm32f10x_rtc.o
 .text.RTC_ClearFlag
                0x00000000       0x2c build/stm32f10x_rtc.o
 .text.RTC_GetITStatus
                0x00000000       0x50 build/stm32f10x_rtc.o
 .text.RTC_ClearITPendingBit
                0x00000000       0x2c build/stm32f10x_rtc.o
 .comment       0x00000000       0x4a build/stm32f10x_rtc.o
 .ARM.attributes
                0x00000000       0x2d build/stm32f10x_rtc.o
 .text          0x00000000        0x0 build/stm32f10x_sdio.o
 .data          0x00000000        0x0 build/stm32f10x_sdio.o
 .bss           0x00000000        0x0 build/stm32f10x_sdio.o
 .text.SDIO_DeInit
                0x00000000       0x4c build/stm32f10x_sdio.o
 .text.SDIO_Init
                0x00000000       0x5c build/stm32f10x_sdio.o
 .text.SDIO_StructInit
                0x00000000       0x36 build/stm32f10x_sdio.o
 .text.SDIO_ClockCmd
                0x00000000       0x20 build/stm32f10x_sdio.o
 .text.SDIO_SetPowerState
                0x00000000       0x30 build/stm32f10x_sdio.o
 .text.SDIO_GetPowerState
                0x00000000       0x18 build/stm32f10x_sdio.o
 .text.SDIO_ITConfig
                0x00000000       0x3c build/stm32f10x_sdio.o
 .text.SDIO_DMACmd
                0x00000000       0x20 build/stm32f10x_sdio.o
 .text.SDIO_SendCommand
                0x00000000       0x58 build/stm32f10x_sdio.o
 .text.SDIO_CmdStructInit
                0x00000000       0x30 build/stm32f10x_sdio.o
 .text.SDIO_GetCommandResponse
                0x00000000       0x18 build/stm32f10x_sdio.o
 .text.SDIO_GetResponse
                0x00000000       0x28 build/stm32f10x_sdio.o
 .text.SDIO_DataConfig
                0x00000000       0x5c build/stm32f10x_sdio.o
 .text.SDIO_DataStructInit
                0x00000000       0x38 build/stm32f10x_sdio.o
 .text.SDIO_GetDataCounter
                0x00000000       0x14 build/stm32f10x_sdio.o
 .text.SDIO_ReadData
                0x00000000       0x18 build/stm32f10x_sdio.o
 .text.SDIO_WriteData
                0x00000000       0x20 build/stm32f10x_sdio.o
 .text.SDIO_GetFIFOCount
                0x00000000       0x14 build/stm32f10x_sdio.o
 .text.SDIO_StartSDIOReadWait
                0x00000000       0x20 build/stm32f10x_sdio.o
 .text.SDIO_StopSDIOReadWait
                0x00000000       0x20 build/stm32f10x_sdio.o
 .text.SDIO_SetSDIOReadWaitMode
                0x00000000       0x1c build/stm32f10x_sdio.o
 .text.SDIO_SetSDIOOperation
                0x00000000       0x20 build/stm32f10x_sdio.o
 .text.SDIO_SendSDIOSuspendCmd
                0x00000000       0x20 build/stm32f10x_sdio.o
 .text.SDIO_CommandCompletionCmd
                0x00000000       0x20 build/stm32f10x_sdio.o
 .text.SDIO_CEATAITCmd
                0x00000000       0x2c build/stm32f10x_sdio.o
 .text.SDIO_SendCEATACmd
                0x00000000       0x20 build/stm32f10x_sdio.o
 .text.SDIO_GetFlagStatus
                0x00000000       0x34 build/stm32f10x_sdio.o
 .text.SDIO_ClearFlag
                0x00000000       0x1c build/stm32f10x_sdio.o
 .text.SDIO_GetITStatus
                0x00000000       0x34 build/stm32f10x_sdio.o
 .text.SDIO_ClearITPendingBit
                0x00000000       0x1c build/stm32f10x_sdio.o
 .comment       0x00000000       0x4a build/stm32f10x_sdio.o
 .ARM.attributes
                0x00000000       0x2d build/stm32f10x_sdio.o
 .text          0x00000000        0x0 build/stm32f10x_spi.o
 .data          0x00000000        0x0 build/stm32f10x_spi.o
 .bss           0x00000000        0x0 build/stm32f10x_spi.o
 .text.SPI_I2S_DeInit
                0x00000000       0x74 build/stm32f10x_spi.o
 .text.SPI_Init
                0x00000000       0x86 build/stm32f10x_spi.o
 .text.I2S_Init
                0x00000000      0x168 build/stm32f10x_spi.o
 .text.SPI_StructInit
                0x00000000       0x48 build/stm32f10x_spi.o
 .text.I2S_StructInit
                0x00000000       0x36 build/stm32f10x_spi.o
 .text.SPI_Cmd  0x00000000       0x3e build/stm32f10x_spi.o
 .text.I2S_Cmd  0x00000000       0x3e build/stm32f10x_spi.o
 .text.SPI_I2S_ITConfig
                0x00000000       0x60 build/stm32f10x_spi.o
 .text.SPI_I2S_DMACmd
                0x00000000       0x46 build/stm32f10x_spi.o
 .text.SPI_I2S_SendData
                0x00000000       0x1c build/stm32f10x_spi.o
 .text.SPI_I2S_ReceiveData
                0x00000000       0x18 build/stm32f10x_spi.o
 .text.SPI_NSSInternalSoftwareConfig
                0x00000000       0x42 build/stm32f10x_spi.o
 .text.SPI_SSOutputCmd
                0x00000000       0x3e build/stm32f10x_spi.o
 .text.SPI_DataSizeConfig
                0x00000000       0x36 build/stm32f10x_spi.o
 .text.SPI_TransmitCRC
                0x00000000       0x22 build/stm32f10x_spi.o
 .text.SPI_CalculateCRC
                0x00000000       0x3e build/stm32f10x_spi.o
 .text.SPI_GetCRC
                0x00000000       0x30 build/stm32f10x_spi.o
 .text.SPI_GetCRCPolynomial
                0x00000000       0x18 build/stm32f10x_spi.o
 .text.SPI_BiDirectionalLineConfig
                0x00000000       0x40 build/stm32f10x_spi.o
 .text.SPI_I2S_GetFlagStatus
                0x00000000       0x36 build/stm32f10x_spi.o
 .text.SPI_I2S_ClearFlag
                0x00000000       0x20 build/stm32f10x_spi.o
 .text.SPI_I2S_GetITStatus
                0x00000000       0x74 build/stm32f10x_spi.o
 .text.SPI_I2S_ClearITPendingBit
                0x00000000       0x32 build/stm32f10x_spi.o
 .comment       0x00000000       0x4a build/stm32f10x_spi.o
 .ARM.attributes
                0x00000000       0x2d build/stm32f10x_spi.o
 .text          0x00000000        0x0 build/stm32f10x_tim.o
 .data          0x00000000        0x0 build/stm32f10x_tim.o
 .bss           0x00000000        0x0 build/stm32f10x_tim.o
 .text.TIM_DeInit
                0x00000000      0x22c build/stm32f10x_tim.o
 .text.TIM_TimeBaseInit
                0x00000000       0xf8 build/stm32f10x_tim.o
 .text.TIM_OC1Init
                0x00000000      0x118 build/stm32f10x_tim.o
 .text.TIM_OC2Init
                0x00000000      0x110 build/stm32f10x_tim.o
 .text.TIM_OC3Init
                0x00000000      0x10c build/stm32f10x_tim.o
 .text.TIM_OC4Init
                0x00000000       0xd0 build/stm32f10x_tim.o
 .text.TIM_ICInit
                0x00000000       0xa8 build/stm32f10x_tim.o
 .text.TIM_PWMIConfig
                0x00000000       0xb8 build/stm32f10x_tim.o
 .text.TIM_BDTRConfig
                0x00000000       0x4e build/stm32f10x_tim.o
 .text.TIM_TimeBaseStructInit
                0x00000000       0x32 build/stm32f10x_tim.o
 .text.TIM_OCStructInit
                0x00000000       0x42 build/stm32f10x_tim.o
 .text.TIM_ICStructInit
                0x00000000       0x30 build/stm32f10x_tim.o
 .text.TIM_BDTRStructInit
                0x00000000       0x3c build/stm32f10x_tim.o
 .text.TIM_Cmd  0x00000000       0x3e build/stm32f10x_tim.o
 .text.TIM_CtrlPWMOutputs
                0x00000000       0x4a build/stm32f10x_tim.o
 .text.TIM_ITConfig
                0x00000000       0x46 build/stm32f10x_tim.o
 .text.TIM_GenerateEvent
                0x00000000       0x1c build/stm32f10x_tim.o
 .text.TIM_DMAConfig
                0x00000000       0x28 build/stm32f10x_tim.o
 .text.TIM_DMACmd
                0x00000000       0x46 build/stm32f10x_tim.o
 .text.TIM_InternalClockConfig
                0x00000000       0x22 build/stm32f10x_tim.o
 .text.TIM_ITRxExternalClockConfig
                0x00000000       0x2e build/stm32f10x_tim.o
 .text.TIM_TIxExternalClockConfig
                0x00000000       0x5c build/stm32f10x_tim.o
 .text.TIM_ETRClockMode1Config
                0x00000000       0x5e build/stm32f10x_tim.o
 .text.TIM_ETRClockMode2Config
                0x00000000       0x3e build/stm32f10x_tim.o
 .text.TIM_ETRConfig
                0x00000000       0x52 build/stm32f10x_tim.o
 .text.TIM_PrescalerConfig
                0x00000000       0x26 build/stm32f10x_tim.o
 .text.TIM_CounterModeConfig
                0x00000000       0x36 build/stm32f10x_tim.o
 .text.TIM_SelectInputTrigger
                0x00000000       0x36 build/stm32f10x_tim.o
 .text.TIM_EncoderInterfaceConfig
                0x00000000       0x96 build/stm32f10x_tim.o
 .text.TIM_ForcedOC1Config
                0x00000000       0x36 build/stm32f10x_tim.o
 .text.TIM_ForcedOC2Config
                0x00000000       0x3a build/stm32f10x_tim.o
 .text.TIM_ForcedOC3Config
                0x00000000       0x36 build/stm32f10x_tim.o
 .text.TIM_ForcedOC4Config
                0x00000000       0x3a build/stm32f10x_tim.o
 .text.TIM_ARRPreloadConfig
                0x00000000       0x3e build/stm32f10x_tim.o
 .text.TIM_SelectCOM
                0x00000000       0x3e build/stm32f10x_tim.o
 .text.TIM_SelectCCDMA
                0x00000000       0x3e build/stm32f10x_tim.o
 .text.TIM_CCPreloadControl
                0x00000000       0x3e build/stm32f10x_tim.o
 .text.TIM_OC1PreloadConfig
                0x00000000       0x36 build/stm32f10x_tim.o
 .text.TIM_OC2PreloadConfig
                0x00000000       0x3a build/stm32f10x_tim.o
 .text.TIM_OC3PreloadConfig
                0x00000000       0x36 build/stm32f10x_tim.o
 .text.TIM_OC4PreloadConfig
                0x00000000       0x3a build/stm32f10x_tim.o
 .text.TIM_OC1FastConfig
                0x00000000       0x36 build/stm32f10x_tim.o
 .text.TIM_OC2FastConfig
                0x00000000       0x3a build/stm32f10x_tim.o
 .text.TIM_OC3FastConfig
                0x00000000       0x36 build/stm32f10x_tim.o
 .text.TIM_OC4FastConfig
                0x00000000       0x3a build/stm32f10x_tim.o
 .text.TIM_ClearOC1Ref
                0x00000000       0x36 build/stm32f10x_tim.o
 .text.TIM_ClearOC2Ref
                0x00000000       0x3a build/stm32f10x_tim.o
 .text.TIM_ClearOC3Ref
                0x00000000       0x36 build/stm32f10x_tim.o
 .text.TIM_ClearOC4Ref
                0x00000000       0x3a build/stm32f10x_tim.o
 .text.TIM_OC1PolarityConfig
                0x00000000       0x36 build/stm32f10x_tim.o
 .text.TIM_OC1NPolarityConfig
                0x00000000       0x36 build/stm32f10x_tim.o
 .text.TIM_OC2PolarityConfig
                0x00000000       0x3a build/stm32f10x_tim.o
 .text.TIM_OC2NPolarityConfig
                0x00000000       0x3a build/stm32f10x_tim.o
 .text.TIM_OC3PolarityConfig
                0x00000000       0x3a build/stm32f10x_tim.o
 .text.TIM_OC3NPolarityConfig
                0x00000000       0x3a build/stm32f10x_tim.o
 .text.TIM_OC4PolarityConfig
                0x00000000       0x3a build/stm32f10x_tim.o
 .text.TIM_CCxCmd
                0x00000000       0x54 build/stm32f10x_tim.o
 .text.TIM_CCxNCmd
                0x00000000       0x54 build/stm32f10x_tim.o
 .text.TIM_SelectOCxM
                0x00000000       0xb0 build/stm32f10x_tim.o
 .text.TIM_UpdateDisableConfig
                0x00000000       0x3e build/stm32f10x_tim.o
 .text.TIM_UpdateRequestConfig
                0x00000000       0x3e build/stm32f10x_tim.o
 .text.TIM_SelectHallSensor
                0x00000000       0x3e build/stm32f10x_tim.o
 .text.TIM_SelectOnePulseMode
                0x00000000       0x36 build/stm32f10x_tim.o
 .text.TIM_SelectOutputTrigger
                0x00000000       0x36 build/stm32f10x_tim.o
 .text.TIM_SelectSlaveMode
                0x00000000       0x36 build/stm32f10x_tim.o
 .text.TIM_SelectMasterSlaveMode
                0x00000000       0x36 build/stm32f10x_tim.o
 .text.TIM_SetCounter
                0x00000000       0x1c build/stm32f10x_tim.o
 .text.TIM_SetAutoreload
                0x00000000       0x1c build/stm32f10x_tim.o
 .text.TIM_SetCompare1
                0x00000000       0x1c build/stm32f10x_tim.o
 .text.TIM_SetCompare2
                0x00000000       0x1c build/stm32f10x_tim.o
 .text.TIM_SetCompare3
                0x00000000       0x1c build/stm32f10x_tim.o
 .text.TIM_SetCompare4
                0x00000000       0x1e build/stm32f10x_tim.o
 .text.TIM_SetIC1Prescaler
                0x00000000       0x36 build/stm32f10x_tim.o
 .text.TIM_SetIC2Prescaler
                0x00000000       0x3a build/stm32f10x_tim.o
 .text.TIM_SetIC3Prescaler
                0x00000000       0x36 build/stm32f10x_tim.o
 .text.TIM_SetIC4Prescaler
                0x00000000       0x3a build/stm32f10x_tim.o
 .text.TIM_SetClockDivision
                0x00000000       0x36 build/stm32f10x_tim.o
 .text.TIM_GetCapture1
                0x00000000       0x18 build/stm32f10x_tim.o
 .text.TIM_GetCapture2
                0x00000000       0x18 build/stm32f10x_tim.o
 .text.TIM_GetCapture3
                0x00000000       0x18 build/stm32f10x_tim.o
 .text.TIM_GetCapture4
                0x00000000       0x1a build/stm32f10x_tim.o
 .text.TIM_GetCounter
                0x00000000       0x18 build/stm32f10x_tim.o
 .text.TIM_GetPrescaler
                0x00000000       0x18 build/stm32f10x_tim.o
 .text.TIM_GetFlagStatus
                0x00000000       0x36 build/stm32f10x_tim.o
 .text.TIM_ClearFlag
                0x00000000       0x20 build/stm32f10x_tim.o
 .text.TIM_GetITStatus
                0x00000000       0x52 build/stm32f10x_tim.o
 .text.TIM_ClearITPendingBit
                0x00000000       0x20 build/stm32f10x_tim.o
 .text.TI1_Config
                0x00000000       0xe0 build/stm32f10x_tim.o
 .text.TI2_Config
                0x00000000       0xf4 build/stm32f10x_tim.o
 .text.TI3_Config
                0x00000000       0xec build/stm32f10x_tim.o
 .text.TI4_Config
                0x00000000       0xf8 build/stm32f10x_tim.o
 .comment       0x00000000       0x4a build/stm32f10x_tim.o
 .ARM.attributes
                0x00000000       0x2d build/stm32f10x_tim.o
 .text          0x00000000        0x0 build/stm32f10x_usart.o
 .data          0x00000000        0x0 build/stm32f10x_usart.o
 .bss           0x00000000        0x0 build/stm32f10x_usart.o
 .text.USART_DeInit
                0x00000000       0xb8 build/stm32f10x_usart.o
 .text.USART_Init
                0x00000000      0x174 build/stm32f10x_usart.o
 .text.USART_StructInit
                0x00000000       0x38 build/stm32f10x_usart.o
 .text.USART_ClockInit
                0x00000000       0x56 build/stm32f10x_usart.o
 .text.USART_ClockStructInit
                0x00000000       0x2a build/stm32f10x_usart.o
 .text.USART_Cmd
                0x00000000       0x3e build/stm32f10x_usart.o
 .text.USART_ITConfig
                0x00000000       0x8e build/stm32f10x_usart.o
 .text.USART_DMACmd
                0x00000000       0x46 build/stm32f10x_usart.o
 .text.USART_SetAddress
                0x00000000       0x38 build/stm32f10x_usart.o
 .text.USART_WakeUpConfig
                0x00000000       0x36 build/stm32f10x_usart.o
 .text.USART_ReceiverWakeUpCmd
                0x00000000       0x3e build/stm32f10x_usart.o
 .text.USART_LINBreakDetectLengthConfig
                0x00000000       0x36 build/stm32f10x_usart.o
 .text.USART_LINCmd
                0x00000000       0x3e build/stm32f10x_usart.o
 .text.USART_SendData
                0x00000000       0x22 build/stm32f10x_usart.o
 .text.USART_ReceiveData
                0x00000000       0x1e build/stm32f10x_usart.o
 .text.USART_SendBreak
                0x00000000       0x22 build/stm32f10x_usart.o
 .text.USART_SetGuardTime
                0x00000000       0x3a build/stm32f10x_usart.o
 .text.USART_SetPrescaler
                0x00000000       0x38 build/stm32f10x_usart.o
 .text.USART_SmartCardCmd
                0x00000000       0x3e build/stm32f10x_usart.o
 .text.USART_SmartCardNACKCmd
                0x00000000       0x3e build/stm32f10x_usart.o
 .text.USART_HalfDuplexCmd
                0x00000000       0x3e build/stm32f10x_usart.o
 .text.USART_OverSampling8Cmd
                0x00000000       0x42 build/stm32f10x_usart.o
 .text.USART_OneBitMethodCmd
                0x00000000       0x3e build/stm32f10x_usart.o
 .text.USART_IrDAConfig
                0x00000000       0x36 build/stm32f10x_usart.o
 .text.USART_IrDACmd
                0x00000000       0x3e build/stm32f10x_usart.o
 .text.USART_GetFlagStatus
                0x00000000       0x36 build/stm32f10x_usart.o
 .text.USART_ClearFlag
                0x00000000       0x20 build/stm32f10x_usart.o
 .text.USART_GetITStatus
                0x00000000       0xb4 build/stm32f10x_usart.o
 .text.USART_ClearITPendingBit
                0x00000000       0x38 build/stm32f10x_usart.o
 .comment       0x00000000       0x4a build/stm32f10x_usart.o
 .ARM.attributes
                0x00000000       0x2d build/stm32f10x_usart.o
 .text          0x00000000        0x0 build/stm32f10x_wwdg.o
 .data          0x00000000        0x0 build/stm32f10x_wwdg.o
 .bss           0x00000000        0x0 build/stm32f10x_wwdg.o
 .text.WWDG_DeInit
                0x00000000       0x1c build/stm32f10x_wwdg.o
 .text.WWDG_SetPrescaler
                0x00000000       0x34 build/stm32f10x_wwdg.o
 .text.WWDG_SetWindowValue
                0x00000000       0x38 build/stm32f10x_wwdg.o
 .text.WWDG_EnableIT
                0x00000000       0x18 build/stm32f10x_wwdg.o
 .text.WWDG_SetCounter
                0x00000000       0x24 build/stm32f10x_wwdg.o
 .text.WWDG_Enable
                0x00000000       0x24 build/stm32f10x_wwdg.o
 .text.WWDG_GetFlagStatus
                0x00000000       0x18 build/stm32f10x_wwdg.o
 .text.WWDG_ClearFlag
                0x00000000       0x18 build/stm32f10x_wwdg.o
 .comment       0x00000000       0x4a build/stm32f10x_wwdg.o
 .ARM.attributes
                0x00000000       0x2d build/stm32f10x_wwdg.o
 .text          0x00000000        0x0 build/core_cm3.o
 .data          0x00000000        0x0 build/core_cm3.o
 .bss           0x00000000        0x0 build/core_cm3.o
 .text.__get_PSP
                0x00000000        0xe build/core_cm3.o
 .text.__set_PSP
                0x00000000        0xa build/core_cm3.o
 .text.__get_MSP
                0x00000000        0xe build/core_cm3.o
 .text.__set_MSP
                0x00000000        0xa build/core_cm3.o
 .text.__get_BASEPRI
                0x00000000       0x1c build/core_cm3.o
 .text.__set_BASEPRI
                0x00000000       0x18 build/core_cm3.o
 .text.__get_PRIMASK
                0x00000000       0x1c build/core_cm3.o
 .text.__set_PRIMASK
                0x00000000       0x18 build/core_cm3.o
 .text.__get_FAULTMASK
                0x00000000       0x1c build/core_cm3.o
 .text.__set_FAULTMASK
                0x00000000       0x18 build/core_cm3.o
 .text.__get_CONTROL
                0x00000000       0x1c build/core_cm3.o
 .text.__set_CONTROL
                0x00000000       0x18 build/core_cm3.o
 .text.__REV    0x00000000       0x1e build/core_cm3.o
 .text.__REV16  0x00000000       0x20 build/core_cm3.o
 .text.__REVSH  0x00000000       0x20 build/core_cm3.o
 .text.__RBIT   0x00000000       0x20 build/core_cm3.o
 .text.__LDREXB
                0x00000000       0x20 build/core_cm3.o
 .text.__LDREXH
                0x00000000       0x20 build/core_cm3.o
 .text.__LDREXW
                0x00000000       0x20 build/core_cm3.o
 .text.__STREXB
                0x00000000       0x26 build/core_cm3.o
 .text.__STREXH
                0x00000000       0x26 build/core_cm3.o
 .text.__STREXW
                0x00000000       0x24 build/core_cm3.o
 .comment       0x00000000       0x4a build/core_cm3.o
 .ARM.attributes
                0x00000000       0x2d build/core_cm3.o
 .text          0x00000000        0x0 build/startup.o
 .data          0x00000000        0x0 build/startup.o
 .bss           0x00000000        0x0 build/startup.o
 .text          0x00000000        0x0 d:/2. app/arm-toolchain/gnu/10 2021.10/bin/../lib/gcc/arm-none-eabi/10.3.1/../../../../arm-none-eabi/lib/thumb/v7-m/nofp\libc.a(lib_a-exit.o)
 .data          0x00000000        0x0 d:/2. app/arm-toolchain/gnu/10 2021.10/bin/../lib/gcc/arm-none-eabi/10.3.1/../../../../arm-none-eabi/lib/thumb/v7-m/nofp\libc.a(lib_a-exit.o)
 .bss           0x00000000        0x0 d:/2. app/arm-toolchain/gnu/10 2021.10/bin/../lib/gcc/arm-none-eabi/10.3.1/../../../../arm-none-eabi/lib/thumb/v7-m/nofp\libc.a(lib_a-exit.o)
 .text.exit     0x00000000       0x20 d:/2. app/arm-toolchain/gnu/10 2021.10/bin/../lib/gcc/arm-none-eabi/10.3.1/../../../../arm-none-eabi/lib/thumb/v7-m/nofp\libc.a(lib_a-exit.o)
 .debug_frame   0x00000000       0x28 d:/2. app/arm-toolchain/gnu/10 2021.10/bin/../lib/gcc/arm-none-eabi/10.3.1/../../../../arm-none-eabi/lib/thumb/v7-m/nofp\libc.a(lib_a-exit.o)
 .ARM.attributes
                0x00000000       0x2d d:/2. app/arm-toolchain/gnu/10 2021.10/bin/../lib/gcc/arm-none-eabi/10.3.1/../../../../arm-none-eabi/lib/thumb/v7-m/nofp\libc.a(lib_a-exit.o)
 .text          0x00000000        0x0 d:/2. app/arm-toolchain/gnu/10 2021.10/bin/../lib/gcc/arm-none-eabi/10.3.1/../../../../arm-none-eabi/lib/thumb/v7-m/nofp\libc.a(lib_a-impure.o)
 .data          0x00000000        0x0 d:/2. app/arm-toolchain/gnu/10 2021.10/bin/../lib/gcc/arm-none-eabi/10.3.1/../../../../arm-none-eabi/lib/thumb/v7-m/nofp\libc.a(lib_a-impure.o)
 .bss           0x00000000        0x0 d:/2. app/arm-toolchain/gnu/10 2021.10/bin/../lib/gcc/arm-none-eabi/10.3.1/../../../../arm-none-eabi/lib/thumb/v7-m/nofp\libc.a(lib_a-impure.o)
 .data._impure_ptr
                0x00000000        0x4 d:/2. app/arm-toolchain/gnu/10 2021.10/bin/../lib/gcc/arm-none-eabi/10.3.1/../../../../arm-none-eabi/lib/thumb/v7-m/nofp\libc.a(lib_a-impure.o)
 .data.impure_data
                0x00000000      0x428 d:/2. app/arm-toolchain/gnu/10 2021.10/bin/../lib/gcc/arm-none-eabi/10.3.1/../../../../arm-none-eabi/lib/thumb/v7-m/nofp\libc.a(lib_a-impure.o)
 .rodata._global_impure_ptr
                0x00000000        0x4 d:/2. app/arm-toolchain/gnu/10 2021.10/bin/../lib/gcc/arm-none-eabi/10.3.1/../../../../arm-none-eabi/lib/thumb/v7-m/nofp\libc.a(lib_a-impure.o)
 .ARM.attributes
                0x00000000       0x2d d:/2. app/arm-toolchain/gnu/10 2021.10/bin/../lib/gcc/arm-none-eabi/10.3.1/../../../../arm-none-eabi/lib/thumb/v7-m/nofp\libc.a(lib_a-impure.o)
 .text          0x00000000        0x0 d:/2. app/arm-toolchain/gnu/10 2021.10/bin/../lib/gcc/arm-none-eabi/10.3.1/../../../../arm-none-eabi/lib/thumb/v7-m/nofp\libc.a(lib_a-init.o)
 .data          0x00000000        0x0 d:/2. app/arm-toolchain/gnu/10 2021.10/bin/../lib/gcc/arm-none-eabi/10.3.1/../../../../arm-none-eabi/lib/thumb/v7-m/nofp\libc.a(lib_a-init.o)
 .bss           0x00000000        0x0 d:/2. app/arm-toolchain/gnu/10 2021.10/bin/../lib/gcc/arm-none-eabi/10.3.1/../../../../arm-none-eabi/lib/thumb/v7-m/nofp\libc.a(lib_a-init.o)
 .text.__libc_init_array
                0x00000000       0x48 d:/2. app/arm-toolchain/gnu/10 2021.10/bin/../lib/gcc/arm-none-eabi/10.3.1/../../../../arm-none-eabi/lib/thumb/v7-m/nofp\libc.a(lib_a-init.o)
 .debug_frame   0x00000000       0x2c d:/2. app/arm-toolchain/gnu/10 2021.10/bin/../lib/gcc/arm-none-eabi/10.3.1/../../../../arm-none-eabi/lib/thumb/v7-m/nofp\libc.a(lib_a-init.o)
 .ARM.attributes
                0x00000000       0x2d d:/2. app/arm-toolchain/gnu/10 2021.10/bin/../lib/gcc/arm-none-eabi/10.3.1/../../../../arm-none-eabi/lib/thumb/v7-m/nofp\libc.a(lib_a-init.o)
 .text          0x00000000        0x0 d:/2. app/arm-toolchain/gnu/10 2021.10/bin/../lib/gcc/arm-none-eabi/10.3.1/../../../../arm-none-eabi/lib/thumb/v7-m/nofp\libc.a(lib_a-memset.o)
 .data          0x00000000        0x0 d:/2. app/arm-toolchain/gnu/10 2021.10/bin/../lib/gcc/arm-none-eabi/10.3.1/../../../../arm-none-eabi/lib/thumb/v7-m/nofp\libc.a(lib_a-memset.o)
 .bss           0x00000000        0x0 d:/2. app/arm-toolchain/gnu/10 2021.10/bin/../lib/gcc/arm-none-eabi/10.3.1/../../../../arm-none-eabi/lib/thumb/v7-m/nofp\libc.a(lib_a-memset.o)
 .text.memset   0x00000000       0xa4 d:/2. app/arm-toolchain/gnu/10 2021.10/bin/../lib/gcc/arm-none-eabi/10.3.1/../../../../arm-none-eabi/lib/thumb/v7-m/nofp\libc.a(lib_a-memset.o)
 .debug_frame   0x00000000       0x2c d:/2. app/arm-toolchain/gnu/10 2021.10/bin/../lib/gcc/arm-none-eabi/10.3.1/../../../../arm-none-eabi/lib/thumb/v7-m/nofp\libc.a(lib_a-memset.o)
 .ARM.attributes
                0x00000000       0x2d d:/2. app/arm-toolchain/gnu/10 2021.10/bin/../lib/gcc/arm-none-eabi/10.3.1/../../../../arm-none-eabi/lib/thumb/v7-m/nofp\libc.a(lib_a-memset.o)
 .text          0x00000000        0x0 d:/2. app/arm-toolchain/gnu/10 2021.10/bin/../lib/gcc/arm-none-eabi/10.3.1/../../../../arm-none-eabi/lib/thumb/v7-m/nofp\libc.a(lib_a-__call_atexit.o)
 .data          0x00000000        0x0 d:/2. app/arm-toolchain/gnu/10 2021.10/bin/../lib/gcc/arm-none-eabi/10.3.1/../../../../arm-none-eabi/lib/thumb/v7-m/nofp\libc.a(lib_a-__call_atexit.o)
 .bss           0x00000000        0x0 d:/2. app/arm-toolchain/gnu/10 2021.10/bin/../lib/gcc/arm-none-eabi/10.3.1/../../../../arm-none-eabi/lib/thumb/v7-m/nofp\libc.a(lib_a-__call_atexit.o)
 .text.startup.register_fini
                0x00000000       0x14 d:/2. app/arm-toolchain/gnu/10 2021.10/bin/../lib/gcc/arm-none-eabi/10.3.1/../../../../arm-none-eabi/lib/thumb/v7-m/nofp\libc.a(lib_a-__call_atexit.o)
 .init_array.00000
                0x00000000        0x4 d:/2. app/arm-toolchain/gnu/10 2021.10/bin/../lib/gcc/arm-none-eabi/10.3.1/../../../../arm-none-eabi/lib/thumb/v7-m/nofp\libc.a(lib_a-__call_atexit.o)
 .text.__call_exitprocs
                0x00000000       0xc4 d:/2. app/arm-toolchain/gnu/10 2021.10/bin/../lib/gcc/arm-none-eabi/10.3.1/../../../../arm-none-eabi/lib/thumb/v7-m/nofp\libc.a(lib_a-__call_atexit.o)
 .data.__atexit_recursive_mutex
                0x00000000        0x4 d:/2. app/arm-toolchain/gnu/10 2021.10/bin/../lib/gcc/arm-none-eabi/10.3.1/../../../../arm-none-eabi/lib/thumb/v7-m/nofp\libc.a(lib_a-__call_atexit.o)
 .debug_frame   0x00000000       0x5c d:/2. app/arm-toolchain/gnu/10 2021.10/bin/../lib/gcc/arm-none-eabi/10.3.1/../../../../arm-none-eabi/lib/thumb/v7-m/nofp\libc.a(lib_a-__call_atexit.o)
 .ARM.attributes
                0x00000000       0x2d d:/2. app/arm-toolchain/gnu/10 2021.10/bin/../lib/gcc/arm-none-eabi/10.3.1/../../../../arm-none-eabi/lib/thumb/v7-m/nofp\libc.a(lib_a-__call_atexit.o)
 .text          0x00000000        0x0 d:/2. app/arm-toolchain/gnu/10 2021.10/bin/../lib/gcc/arm-none-eabi/10.3.1/../../../../arm-none-eabi/lib/thumb/v7-m/nofp\libc.a(lib_a-atexit.o)
 .data          0x00000000        0x0 d:/2. app/arm-toolchain/gnu/10 2021.10/bin/../lib/gcc/arm-none-eabi/10.3.1/../../../../arm-none-eabi/lib/thumb/v7-m/nofp\libc.a(lib_a-atexit.o)
 .bss           0x00000000        0x0 d:/2. app/arm-toolchain/gnu/10 2021.10/bin/../lib/gcc/arm-none-eabi/10.3.1/../../../../arm-none-eabi/lib/thumb/v7-m/nofp\libc.a(lib_a-atexit.o)
 .text.atexit   0x00000000        0xc d:/2. app/arm-toolchain/gnu/10 2021.10/bin/../lib/gcc/arm-none-eabi/10.3.1/../../../../arm-none-eabi/lib/thumb/v7-m/nofp\libc.a(lib_a-atexit.o)
 .debug_frame   0x00000000       0x20 d:/2. app/arm-toolchain/gnu/10 2021.10/bin/../lib/gcc/arm-none-eabi/10.3.1/../../../../arm-none-eabi/lib/thumb/v7-m/nofp\libc.a(lib_a-atexit.o)
 .ARM.attributes
                0x00000000       0x2d d:/2. app/arm-toolchain/gnu/10 2021.10/bin/../lib/gcc/arm-none-eabi/10.3.1/../../../../arm-none-eabi/lib/thumb/v7-m/nofp\libc.a(lib_a-atexit.o)
 .text          0x00000000        0x0 d:/2. app/arm-toolchain/gnu/10 2021.10/bin/../lib/gcc/arm-none-eabi/10.3.1/../../../../arm-none-eabi/lib/thumb/v7-m/nofp\libc.a(lib_a-fini.o)
 .data          0x00000000        0x0 d:/2. app/arm-toolchain/gnu/10 2021.10/bin/../lib/gcc/arm-none-eabi/10.3.1/../../../../arm-none-eabi/lib/thumb/v7-m/nofp\libc.a(lib_a-fini.o)
 .bss           0x00000000        0x0 d:/2. app/arm-toolchain/gnu/10 2021.10/bin/../lib/gcc/arm-none-eabi/10.3.1/../../../../arm-none-eabi/lib/thumb/v7-m/nofp\libc.a(lib_a-fini.o)
 .text.__libc_fini_array
                0x00000000       0x2c d:/2. app/arm-toolchain/gnu/10 2021.10/bin/../lib/gcc/arm-none-eabi/10.3.1/../../../../arm-none-eabi/lib/thumb/v7-m/nofp\libc.a(lib_a-fini.o)
 .debug_frame   0x00000000       0x34 d:/2. app/arm-toolchain/gnu/10 2021.10/bin/../lib/gcc/arm-none-eabi/10.3.1/../../../../arm-none-eabi/lib/thumb/v7-m/nofp\libc.a(lib_a-fini.o)
 .ARM.attributes
                0x00000000       0x2d d:/2. app/arm-toolchain/gnu/10 2021.10/bin/../lib/gcc/arm-none-eabi/10.3.1/../../../../arm-none-eabi/lib/thumb/v7-m/nofp\libc.a(lib_a-fini.o)
 .text          0x00000000        0x0 d:/2. app/arm-toolchain/gnu/10 2021.10/bin/../lib/gcc/arm-none-eabi/10.3.1/../../../../arm-none-eabi/lib/thumb/v7-m/nofp\libc.a(lib_a-lock.o)
 .data          0x00000000        0x0 d:/2. app/arm-toolchain/gnu/10 2021.10/bin/../lib/gcc/arm-none-eabi/10.3.1/../../../../arm-none-eabi/lib/thumb/v7-m/nofp\libc.a(lib_a-lock.o)
 .bss           0x00000000        0x0 d:/2. app/arm-toolchain/gnu/10 2021.10/bin/../lib/gcc/arm-none-eabi/10.3.1/../../../../arm-none-eabi/lib/thumb/v7-m/nofp\libc.a(lib_a-lock.o)
 .text.__retarget_lock_init
                0x00000000        0x4 d:/2. app/arm-toolchain/gnu/10 2021.10/bin/../lib/gcc/arm-none-eabi/10.3.1/../../../../arm-none-eabi/lib/thumb/v7-m/nofp\libc.a(lib_a-lock.o)
 .text.__retarget_lock_init_recursive
                0x00000000        0x4 d:/2. app/arm-toolchain/gnu/10 2021.10/bin/../lib/gcc/arm-none-eabi/10.3.1/../../../../arm-none-eabi/lib/thumb/v7-m/nofp\libc.a(lib_a-lock.o)
 .text.__retarget_lock_close
                0x00000000        0x4 d:/2. app/arm-toolchain/gnu/10 2021.10/bin/../lib/gcc/arm-none-eabi/10.3.1/../../../../arm-none-eabi/lib/thumb/v7-m/nofp\libc.a(lib_a-lock.o)
 .text.__retarget_lock_close_recursive
                0x00000000        0x4 d:/2. app/arm-toolchain/gnu/10 2021.10/bin/../lib/gcc/arm-none-eabi/10.3.1/../../../../arm-none-eabi/lib/thumb/v7-m/nofp\libc.a(lib_a-lock.o)
 .text.__retarget_lock_acquire
                0x00000000        0x4 d:/2. app/arm-toolchain/gnu/10 2021.10/bin/../lib/gcc/arm-none-eabi/10.3.1/../../../../arm-none-eabi/lib/thumb/v7-m/nofp\libc.a(lib_a-lock.o)
 .text.__retarget_lock_acquire_recursive
                0x00000000        0x4 d:/2. app/arm-toolchain/gnu/10 2021.10/bin/../lib/gcc/arm-none-eabi/10.3.1/../../../../arm-none-eabi/lib/thumb/v7-m/nofp\libc.a(lib_a-lock.o)
 .text.__retarget_lock_try_acquire
                0x00000000        0x4 d:/2. app/arm-toolchain/gnu/10 2021.10/bin/../lib/gcc/arm-none-eabi/10.3.1/../../../../arm-none-eabi/lib/thumb/v7-m/nofp\libc.a(lib_a-lock.o)
 .text.__retarget_lock_try_acquire_recursive
                0x00000000        0x4 d:/2. app/arm-toolchain/gnu/10 2021.10/bin/../lib/gcc/arm-none-eabi/10.3.1/../../../../arm-none-eabi/lib/thumb/v7-m/nofp\libc.a(lib_a-lock.o)
 .text.__retarget_lock_release
                0x00000000        0x4 d:/2. app/arm-toolchain/gnu/10 2021.10/bin/../lib/gcc/arm-none-eabi/10.3.1/../../../../arm-none-eabi/lib/thumb/v7-m/nofp\libc.a(lib_a-lock.o)
 .text.__retarget_lock_release_recursive
                0x00000000        0x4 d:/2. app/arm-toolchain/gnu/10 2021.10/bin/../lib/gcc/arm-none-eabi/10.3.1/../../../../arm-none-eabi/lib/thumb/v7-m/nofp\libc.a(lib_a-lock.o)
 .bss.__lock___arc4random_mutex
                0x00000000        0x1 d:/2. app/arm-toolchain/gnu/10 2021.10/bin/../lib/gcc/arm-none-eabi/10.3.1/../../../../arm-none-eabi/lib/thumb/v7-m/nofp\libc.a(lib_a-lock.o)
 .bss.__lock___at_quick_exit_mutex
                0x00000000        0x1 d:/2. app/arm-toolchain/gnu/10 2021.10/bin/../lib/gcc/arm-none-eabi/10.3.1/../../../../arm-none-eabi/lib/thumb/v7-m/nofp\libc.a(lib_a-lock.o)
 .bss.__lock___atexit_recursive_mutex
                0x00000000        0x1 d:/2. app/arm-toolchain/gnu/10 2021.10/bin/../lib/gcc/arm-none-eabi/10.3.1/../../../../arm-none-eabi/lib/thumb/v7-m/nofp\libc.a(lib_a-lock.o)
 .bss.__lock___dd_hash_mutex
                0x00000000        0x1 d:/2. app/arm-toolchain/gnu/10 2021.10/bin/../lib/gcc/arm-none-eabi/10.3.1/../../../../arm-none-eabi/lib/thumb/v7-m/nofp\libc.a(lib_a-lock.o)
 .bss.__lock___env_recursive_mutex
                0x00000000        0x1 d:/2. app/arm-toolchain/gnu/10 2021.10/bin/../lib/gcc/arm-none-eabi/10.3.1/../../../../arm-none-eabi/lib/thumb/v7-m/nofp\libc.a(lib_a-lock.o)
 .bss.__lock___malloc_recursive_mutex
                0x00000000        0x1 d:/2. app/arm-toolchain/gnu/10 2021.10/bin/../lib/gcc/arm-none-eabi/10.3.1/../../../../arm-none-eabi/lib/thumb/v7-m/nofp\libc.a(lib_a-lock.o)
 .bss.__lock___sfp_recursive_mutex
                0x00000000        0x1 d:/2. app/arm-toolchain/gnu/10 2021.10/bin/../lib/gcc/arm-none-eabi/10.3.1/../../../../arm-none-eabi/lib/thumb/v7-m/nofp\libc.a(lib_a-lock.o)
 .bss.__lock___sinit_recursive_mutex
                0x00000000        0x1 d:/2. app/arm-toolchain/gnu/10 2021.10/bin/../lib/gcc/arm-none-eabi/10.3.1/../../../../arm-none-eabi/lib/thumb/v7-m/nofp\libc.a(lib_a-lock.o)
 .bss.__lock___tz_mutex
                0x00000000        0x1 d:/2. app/arm-toolchain/gnu/10 2021.10/bin/../lib/gcc/arm-none-eabi/10.3.1/../../../../arm-none-eabi/lib/thumb/v7-m/nofp\libc.a(lib_a-lock.o)
 .debug_frame   0x00000000       0xb0 d:/2. app/arm-toolchain/gnu/10 2021.10/bin/../lib/gcc/arm-none-eabi/10.3.1/../../../../arm-none-eabi/lib/thumb/v7-m/nofp\libc.a(lib_a-lock.o)
 .ARM.attributes
                0x00000000       0x2d d:/2. app/arm-toolchain/gnu/10 2021.10/bin/../lib/gcc/arm-none-eabi/10.3.1/../../../../arm-none-eabi/lib/thumb/v7-m/nofp\libc.a(lib_a-lock.o)
 .text          0x00000000        0x0 d:/2. app/arm-toolchain/gnu/10 2021.10/bin/../lib/gcc/arm-none-eabi/10.3.1/../../../../arm-none-eabi/lib/thumb/v7-m/nofp\libc.a(lib_a-__atexit.o)
 .data          0x00000000        0x0 d:/2. app/arm-toolchain/gnu/10 2021.10/bin/../lib/gcc/arm-none-eabi/10.3.1/../../../../arm-none-eabi/lib/thumb/v7-m/nofp\libc.a(lib_a-__atexit.o)
 .bss           0x00000000        0x0 d:/2. app/arm-toolchain/gnu/10 2021.10/bin/../lib/gcc/arm-none-eabi/10.3.1/../../../../arm-none-eabi/lib/thumb/v7-m/nofp\libc.a(lib_a-__atexit.o)
 .text.__register_exitproc
                0x00000000       0x8c d:/2. app/arm-toolchain/gnu/10 2021.10/bin/../lib/gcc/arm-none-eabi/10.3.1/../../../../arm-none-eabi/lib/thumb/v7-m/nofp\libc.a(lib_a-__atexit.o)
 .debug_frame   0x00000000       0x34 d:/2. app/arm-toolchain/gnu/10 2021.10/bin/../lib/gcc/arm-none-eabi/10.3.1/../../../../arm-none-eabi/lib/thumb/v7-m/nofp\libc.a(lib_a-__atexit.o)
 .ARM.attributes
                0x00000000       0x2d d:/2. app/arm-toolchain/gnu/10 2021.10/bin/../lib/gcc/arm-none-eabi/10.3.1/../../../../arm-none-eabi/lib/thumb/v7-m/nofp\libc.a(lib_a-__atexit.o)
 .text          0x00000000        0x0 d:/2. app/arm-toolchain/gnu/10 2021.10/bin/../lib/gcc/arm-none-eabi/10.3.1/../../../../arm-none-eabi/lib/thumb/v7-m/nofp\libnosys.a(_exit.o)
 .data          0x00000000        0x0 d:/2. app/arm-toolchain/gnu/10 2021.10/bin/../lib/gcc/arm-none-eabi/10.3.1/../../../../arm-none-eabi/lib/thumb/v7-m/nofp\libnosys.a(_exit.o)
 .bss           0x00000000        0x0 d:/2. app/arm-toolchain/gnu/10 2021.10/bin/../lib/gcc/arm-none-eabi/10.3.1/../../../../arm-none-eabi/lib/thumb/v7-m/nofp\libnosys.a(_exit.o)
 .text._exit    0x00000000        0x4 d:/2. app/arm-toolchain/gnu/10 2021.10/bin/../lib/gcc/arm-none-eabi/10.3.1/../../../../arm-none-eabi/lib/thumb/v7-m/nofp\libnosys.a(_exit.o)
 .debug_frame   0x00000000       0x20 d:/2. app/arm-toolchain/gnu/10 2021.10/bin/../lib/gcc/arm-none-eabi/10.3.1/../../../../arm-none-eabi/lib/thumb/v7-m/nofp\libnosys.a(_exit.o)
 .ARM.attributes
                0x00000000       0x2d d:/2. app/arm-toolchain/gnu/10 2021.10/bin/../lib/gcc/arm-none-eabi/10.3.1/../../../../arm-none-eabi/lib/thumb/v7-m/nofp\libnosys.a(_exit.o)
 .text          0x00000000        0x0 d:/2. app/arm-toolchain/gnu/10 2021.10/bin/../lib/gcc/arm-none-eabi/10.3.1/thumb/v7-m/nofp/crtend.o
 .data          0x00000000        0x0 d:/2. app/arm-toolchain/gnu/10 2021.10/bin/../lib/gcc/arm-none-eabi/10.3.1/thumb/v7-m/nofp/crtend.o
 .bss           0x00000000        0x0 d:/2. app/arm-toolchain/gnu/10 2021.10/bin/../lib/gcc/arm-none-eabi/10.3.1/thumb/v7-m/nofp/crtend.o
 .rodata        0x00000000       0x24 d:/2. app/arm-toolchain/gnu/10 2021.10/bin/../lib/gcc/arm-none-eabi/10.3.1/thumb/v7-m/nofp/crtend.o
 .eh_frame      0x00000000        0x4 d:/2. app/arm-toolchain/gnu/10 2021.10/bin/../lib/gcc/arm-none-eabi/10.3.1/thumb/v7-m/nofp/crtend.o
 .ARM.attributes
                0x00000000       0x2d d:/2. app/arm-toolchain/gnu/10 2021.10/bin/../lib/gcc/arm-none-eabi/10.3.1/thumb/v7-m/nofp/crtend.o
 .text          0x00000000        0x0 d:/2. app/arm-toolchain/gnu/10 2021.10/bin/../lib/gcc/arm-none-eabi/10.3.1/thumb/v7-m/nofp/crtn.o
 .data          0x00000000        0x0 d:/2. app/arm-toolchain/gnu/10 2021.10/bin/../lib/gcc/arm-none-eabi/10.3.1/thumb/v7-m/nofp/crtn.o
 .bss           0x00000000        0x0 d:/2. app/arm-toolchain/gnu/10 2021.10/bin/../lib/gcc/arm-none-eabi/10.3.1/thumb/v7-m/nofp/crtn.o
 .init          0x00000000        0x8 d:/2. app/arm-toolchain/gnu/10 2021.10/bin/../lib/gcc/arm-none-eabi/10.3.1/thumb/v7-m/nofp/crtn.o
 .fini          0x00000000        0x8 d:/2. app/arm-toolchain/gnu/10 2021.10/bin/../lib/gcc/arm-none-eabi/10.3.1/thumb/v7-m/nofp/crtn.o
 .ARM.attributes
                0x00000000       0x1d d:/2. app/arm-toolchain/gnu/10 2021.10/bin/../lib/gcc/arm-none-eabi/10.3.1/thumb/v7-m/nofp/crtn.o

Memory Configuration

Name             Origin             Length             Attributes
FLASH            0x08000000         0x00010000         xr
RAM              0x20000000         0x00005000         xrw
*default*        0x00000000         0xffffffff

Linker script and memory map

LOAD d:/2. app/arm-toolchain/gnu/10 2021.10/bin/../lib/gcc/arm-none-eabi/10.3.1/thumb/v7-m/nofp/crti.o
LOAD d:/2. app/arm-toolchain/gnu/10 2021.10/bin/../lib/gcc/arm-none-eabi/10.3.1/thumb/v7-m/nofp/crtbegin.o
LOAD d:/2. app/arm-toolchain/gnu/10 2021.10/bin/../lib/gcc/arm-none-eabi/10.3.1/../../../../arm-none-eabi/lib/thumb/v7-m/nofp/crt0.o
LOAD build/main.o
LOAD build/stm32f10x_it.o
LOAD build/system_stm32f10x.o
LOAD build/misc.o
LOAD build/stm32f10x_adc.o
LOAD build/stm32f10x_bkp.o
LOAD build/stm32f10x_can.o
LOAD build/stm32f10x_cec.o
LOAD build/stm32f10x_crc.o
LOAD build/stm32f10x_dac.o
LOAD build/stm32f10x_dbgmcu.o
LOAD build/stm32f10x_dma.o
LOAD build/stm32f10x_exti.o
LOAD build/stm32f10x_flash.o
LOAD build/stm32f10x_fsmc.o
LOAD build/stm32f10x_gpio.o
LOAD build/stm32f10x_i2c.o
LOAD build/stm32f10x_iwdg.o
LOAD build/stm32f10x_pwr.o
LOAD build/stm32f10x_rcc.o
LOAD build/stm32f10x_rtc.o
LOAD build/stm32f10x_sdio.o
LOAD build/stm32f10x_spi.o
LOAD build/stm32f10x_tim.o
LOAD build/stm32f10x_usart.o
LOAD build/stm32f10x_wwdg.o
LOAD build/core_cm3.o
LOAD build/startup.o
START GROUP
LOAD d:/2. app/arm-toolchain/gnu/10 2021.10/bin/../lib/gcc/arm-none-eabi/10.3.1/thumb/v7-m/nofp\libgcc.a
LOAD d:/2. app/arm-toolchain/gnu/10 2021.10/bin/../lib/gcc/arm-none-eabi/10.3.1/../../../../arm-none-eabi/lib/thumb/v7-m/nofp\libc.a
END GROUP
START GROUP
LOAD d:/2. app/arm-toolchain/gnu/10 2021.10/bin/../lib/gcc/arm-none-eabi/10.3.1/thumb/v7-m/nofp\libgcc.a
LOAD d:/2. app/arm-toolchain/gnu/10 2021.10/bin/../lib/gcc/arm-none-eabi/10.3.1/../../../../arm-none-eabi/lib/thumb/v7-m/nofp\libc.a
LOAD d:/2. app/arm-toolchain/gnu/10 2021.10/bin/../lib/gcc/arm-none-eabi/10.3.1/../../../../arm-none-eabi/lib/thumb/v7-m/nofp\libnosys.a
END GROUP
LOAD d:/2. app/arm-toolchain/gnu/10 2021.10/bin/../lib/gcc/arm-none-eabi/10.3.1/thumb/v7-m/nofp/crtend.o
LOAD d:/2. app/arm-toolchain/gnu/10 2021.10/bin/../lib/gcc/arm-none-eabi/10.3.1/thumb/v7-m/nofp/crtn.o
                0x20005000                _estack = 0x20005000

.isr_vector     0x08000000       0xec
                0x08000000                . = ALIGN (0x4)
 *(.isr_vector)
 .isr_vector    0x08000000       0xec build/startup.o
                0x080000ec                . = ALIGN (0x4)

.text           0x080000ec      0x4b0
                0x080000ec                . = ALIGN (0x4)
 *(.text)
 *(.text.*)
 .text.Setup    0x080000ec       0x30 build/main.o
                0x080000ec                Setup
 .text.Delay    0x0800011c       0x40 build/main.o
                0x0800011c                Delay
 .text.Blink_Led
                0x0800015c       0x2c build/main.o
                0x0800015c                Blink_Led
 .text.main     0x08000188        0xe build/main.o
                0x08000188                main
 .text.NMI_Handler
                0x08000196        0xc build/stm32f10x_it.o
                0x08000196                NMI_Handler
 .text.HardFault_Handler
                0x080001a2        0x6 build/stm32f10x_it.o
                0x080001a2                HardFault_Handler
 .text.MemManage_Handler
                0x080001a8        0x6 build/stm32f10x_it.o
                0x080001a8                MemManage_Handler
 .text.BusFault_Handler
                0x080001ae        0x6 build/stm32f10x_it.o
                0x080001ae                BusFault_Handler
 .text.UsageFault_Handler
                0x080001b4        0x6 build/stm32f10x_it.o
                0x080001b4                UsageFault_Handler
 .text.SVC_Handler
                0x080001ba        0xc build/stm32f10x_it.o
                0x080001ba                SVC_Handler
 .text.DebugMon_Handler
                0x080001c6        0xc build/stm32f10x_it.o
                0x080001c6                DebugMon_Handler
 .text.PendSV_Handler
                0x080001d2        0xc build/stm32f10x_it.o
                0x080001d2                PendSV_Handler
 .text.SysTick_Handler
                0x080001de        0xc build/stm32f10x_it.o
                0x080001de                SysTick_Handler
 *fill*         0x080001ea        0x2 
 .text.SystemInit
                0x080001ec       0x68 build/system_stm32f10x.o
                0x080001ec                SystemInit
 .text.SetSysClock
                0x08000254        0xc build/system_stm32f10x.o
 .text.SetSysClockTo72
                0x08000260      0x100 build/system_stm32f10x.o
 .text.GPIO_Init
                0x08000360      0x178 build/stm32f10x_gpio.o
                0x08000360                GPIO_Init
 .text.GPIO_SetBits
                0x080004d8       0x1c build/stm32f10x_gpio.o
                0x080004d8                GPIO_SetBits
 .text.GPIO_ResetBits
                0x080004f4       0x1c build/stm32f10x_gpio.o
                0x080004f4                GPIO_ResetBits
 .text.RCC_APB2PeriphClockCmd
                0x08000510       0x3c build/stm32f10x_rcc.o
                0x08000510                RCC_APB2PeriphClockCmd
 .text.Reset_Handler
                0x0800054c       0x4c build/startup.o
                0x0800054c                Reset_Handler
 .text.Default_Handler
                0x08000598        0x2 build/startup.o
                0x08000598                EXTI2_IRQHandler
                0x08000598                TIM1_CC_IRQHandler
                0x08000598                PVD_IRQHandler
                0x08000598                EXTI3_IRQHandler
                0x08000598                EXTI0_IRQHandler
                0x08000598                I2C2_EV_IRQHandler
                0x08000598                ADC1_2_IRQHandler
                0x08000598                SPI1_IRQHandler
                0x08000598                TAMPER_IRQHandler
                0x08000598                DMA1_Channel4_IRQHandler
                0x08000598                USART3_IRQHandler
                0x08000598                RTC_IRQHandler
                0x08000598                DMA1_Channel7_IRQHandler
                0x08000598                CAN1_RX1_IRQHandler
                0x08000598                TIM4_IRQHandler
                0x08000598                I2C1_EV_IRQHandler
                0x08000598                DMA1_Channel6_IRQHandler
                0x08000598                TIM3_IRQHandler
                0x08000598                RCC_IRQHandler
                0x08000598                TIM1_TRG_COM_IRQHandler
                0x08000598                DMA1_Channel1_IRQHandler
                0x08000598                EXTI15_10_IRQHandler
                0x08000598                EXTI9_5_IRQHandler
                0x08000598                SPI2_IRQHandler
                0x08000598                DMA1_Channel5_IRQHandler
                0x08000598                EXTI4_IRQHandler
                0x08000598                USB_LP_CAN1_RX0_IRQHandler
                0x08000598                USB_HP_CAN1_TX_IRQHandler
                0x08000598                DMA1_Channel3_IRQHandler
                0x08000598                TIM1_UP_IRQHandler
                0x08000598                WWDG_IRQHandler
                0x08000598                TIM2_IRQHandler
                0x08000598                TIM1_BRK_IRQHandler
                0x08000598                EXTI1_IRQHandler
                0x08000598                RTCAlarm_IRQHandler
                0x08000598                USART2_IRQHandler
                0x08000598                I2C2_ER_IRQHandler
                0x08000598                DMA1_Channel2_IRQHandler
                0x08000598                CAN1_SCE_IRQHandler
                0x08000598                FLASH_IRQHandler
                0x08000598                USART1_IRQHandler
                0x08000598                I2C1_ER_IRQHandler
                0x08000598                USBWakeUp_IRQHandler
 *(.data)
 *(.data.*)
                0x0800059c                . = ALIGN (0x4)
 *fill*         0x0800059a        0x2 
                0x080005a4                _la_data = LOADADDR (.data)

.glue_7         0x0800059c        0x0
 .glue_7        0x0800059c        0x0 linker stubs

.glue_7t        0x0800059c        0x0
 .glue_7t       0x0800059c        0x0 linker stubs

.vfp11_veneer   0x0800059c        0x0
 .vfp11_veneer  0x0800059c        0x0 linker stubs

.v4_bx          0x0800059c        0x0
 .v4_bx         0x0800059c        0x0 linker stubs

.init           0x0800059c        0x4
 .init          0x0800059c        0x4 d:/2. app/arm-toolchain/gnu/10 2021.10/bin/../lib/gcc/arm-none-eabi/10.3.1/thumb/v7-m/nofp/crti.o
                0x0800059c                _init

.fini           0x080005a0        0x4
 .fini          0x080005a0        0x4 d:/2. app/arm-toolchain/gnu/10 2021.10/bin/../lib/gcc/arm-none-eabi/10.3.1/thumb/v7-m/nofp/crti.o
                0x080005a0                _fini

.iplt           0x080005a4        0x0
 .iplt          0x080005a4        0x0 build/main.o

.rel.dyn        0x080005a4        0x0
 .rel.iplt      0x080005a4        0x0 build/main.o

.data           0x20000000        0x0 load address 0x080005a4
                0x20000000                . = ALIGN (0x4)
                0x20000000                _sdata = .
 *(.data)
 *(.data.*)
                0x20000000                . = ALIGN (0x4)
                0x20000000                _edata = .

.igot.plt       0x20000000        0x0 load address 0x080005a4
 .igot.plt      0x20000000        0x0 build/main.o

.bss            0x20000000        0x0 load address 0x080005a4
                0x20000000                . = ALIGN (0x4)
                0x20000000                _sbss = .
 *(.bss)
 *(.bss.*)
 *(COMMON)
                0x20000000                . = ALIGN (0x4)
                0x20000000                _ebss = .
OUTPUT(build/main.elf elf32-littlearm)
LOAD linker stubs

.ARM.attributes
                0x00000000       0x29
 .ARM.attributes
                0x00000000       0x1d d:/2. app/arm-toolchain/gnu/10 2021.10/bin/../lib/gcc/arm-none-eabi/10.3.1/thumb/v7-m/nofp/crti.o
 .ARM.attributes
                0x0000001d       0x2d build/main.o
 .ARM.attributes
                0x0000004a       0x2d build/stm32f10x_it.o
 .ARM.attributes
                0x00000077       0x2d build/system_stm32f10x.o
 .ARM.attributes
                0x000000a4       0x2d build/stm32f10x_gpio.o
 .ARM.attributes
                0x000000d1       0x2d build/stm32f10x_rcc.o
 .ARM.attributes
                0x000000fe       0x21 build/startup.o

.comment        0x00000000       0x49
 .comment       0x00000000       0x49 build/main.o
                                 0x4a (size before relaxing)
 .comment       0x00000049       0x4a build/stm32f10x_it.o
 .comment       0x00000049       0x4a build/system_stm32f10x.o
 .comment       0x00000049       0x4a build/stm32f10x_gpio.o
 .comment       0x00000049       0x4a build/stm32f10x_rcc.o
